Archive member included to satisfy reference by file (symbol)

/usr/lib/gcc/arm-none-eabi/7.3.1/../../../arm-none-eabi/lib/thumb/v6-m/libg_nano.a(lib_a-memcpy-stub.o)
                              build/alliecat_candythecatacorn/cdc_enumerate.o (memcpy)
/usr/lib/gcc/arm-none-eabi/7.3.1/../../../arm-none-eabi/lib/thumb/v6-m/libg_nano.a(lib_a-memset.o)
                              build/alliecat_candythecatacorn/cdc_enumerate.o (memset)
/usr/lib/gcc/arm-none-eabi/7.3.1/../../../arm-none-eabi/lib/thumb/v6-m/libg_nano.a(lib_a-strlen-stub.o)
                              build/alliecat_candythecatacorn/cdc_enumerate.o (strlen)

Allocating common symbols
Common symbol       size              file

b_sharp_received    0x1               build/alliecat_candythecatacorn/usart_sam_ba.o
timerHigh           0x4               build/alliecat_candythecatacorn/utils.o
j                   0x1               build/alliecat_candythecatacorn/sam_ba_monitor.o
idx_rx_write        0x1               build/alliecat_candythecatacorn/usart_sam_ba.o
size_of_data        0x2               build/alliecat_candythecatacorn/usart_sam_ba.o
ctrlOutCache        0x44              build/alliecat_candythecatacorn/cdc_enumerate.o
length              0x4               build/alliecat_candythecatacorn/sam_ba_monitor.o
ptr                 0x4               build/alliecat_candythecatacorn/sam_ba_monitor.o
command             0x1               build/alliecat_candythecatacorn/sam_ba_monitor.o
resetHorizon        0x4               build/alliecat_candythecatacorn/utils.o
idx_tx_read         0x1               build/alliecat_candythecatacorn/usart_sam_ba.o
i                   0x4               build/alliecat_candythecatacorn/sam_ba_monitor.o
buffer_tx_usart     0x80              build/alliecat_candythecatacorn/usart_sam_ba.o
error_timeout       0x1               build/alliecat_candythecatacorn/usart_sam_ba.o
usb_endpoint_table  0x100             build/alliecat_candythecatacorn/cdc_enumerate.o
data                0x41              build/alliecat_candythecatacorn/sam_ba_monitor.o
mode_of_transfer    0x1               build/alliecat_candythecatacorn/usart_sam_ba.o
ptr_data            0x4               build/alliecat_candythecatacorn/sam_ba_monitor.o
idx_rx_read         0x1               build/alliecat_candythecatacorn/usart_sam_ba.o
sp                  0x4               build/alliecat_candythecatacorn/sam_ba_monitor.o
current_number      0x4               build/alliecat_candythecatacorn/sam_ba_monitor.o
idx_tx_write        0x1               build/alliecat_candythecatacorn/usart_sam_ba.o
endpointCache       0x220             build/alliecat_candythecatacorn/cdc_enumerate.o
u32tmp              0x4               build/alliecat_candythecatacorn/sam_ba_monitor.o
buffer_rx_usart     0x80              build/alliecat_candythecatacorn/usart_sam_ba.o

Discarded input sections

 .text          0x0000000000000000        0x0 build/alliecat_candythecatacorn/flash_samd21.o
 .data          0x0000000000000000        0x0 build/alliecat_candythecatacorn/flash_samd21.o
 .bss           0x0000000000000000        0x0 build/alliecat_candythecatacorn/flash_samd21.o
 .text.copy_words
                0x0000000000000000       0x14 build/alliecat_candythecatacorn/flash_samd21.o
 .text.flash_write
                0x0000000000000000       0x9c build/alliecat_candythecatacorn/flash_samd21.o
 .text          0x0000000000000000        0x0 build/alliecat_candythecatacorn/init_samd21.o
 .data          0x0000000000000000        0x0 build/alliecat_candythecatacorn/init_samd21.o
 .bss           0x0000000000000000        0x0 build/alliecat_candythecatacorn/init_samd21.o
 .data.g_interrupt_enabled
                0x0000000000000000        0x1 build/alliecat_candythecatacorn/init_samd21.o
 .text          0x0000000000000000        0x0 build/alliecat_candythecatacorn/startup_samd21.o
 .data          0x0000000000000000        0x0 build/alliecat_candythecatacorn/startup_samd21.o
 .bss           0x0000000000000000        0x0 build/alliecat_candythecatacorn/startup_samd21.o
 .text          0x0000000000000000        0x0 build/alliecat_candythecatacorn/usart_sam_ba.o
 .data          0x0000000000000000        0x0 build/alliecat_candythecatacorn/usart_sam_ba.o
 .bss           0x0000000000000000        0x0 build/alliecat_candythecatacorn/usart_sam_ba.o
 .text.usart_open
                0x0000000000000000       0xbc build/alliecat_candythecatacorn/usart_sam_ba.o
 .text.usart_close
                0x0000000000000000       0x10 build/alliecat_candythecatacorn/usart_sam_ba.o
 .text.usart_putc
                0x0000000000000000       0x14 build/alliecat_candythecatacorn/usart_sam_ba.o
 .text.usart_is_rx_ready
                0x0000000000000000       0x10 build/alliecat_candythecatacorn/usart_sam_ba.o
 .text.usart_getc
                0x0000000000000000       0x18 build/alliecat_candythecatacorn/usart_sam_ba.o
 .text.usart_sharp_received
                0x0000000000000000       0x1a build/alliecat_candythecatacorn/usart_sam_ba.o
 .text.usart_readc
                0x0000000000000000       0x20 build/alliecat_candythecatacorn/usart_sam_ba.o
 .text.usart_putdata
                0x0000000000000000       0x1a build/alliecat_candythecatacorn/usart_sam_ba.o
 .text.usart_getdata
                0x0000000000000000        0xe build/alliecat_candythecatacorn/usart_sam_ba.o
 .text.getbytes
                0x0000000000000000       0x60 build/alliecat_candythecatacorn/usart_sam_ba.o
 .text.getPacket
                0x0000000000000000       0x70 build/alliecat_candythecatacorn/usart_sam_ba.o
 .text.usart_putdata_xmd
                0x0000000000000000      0x10c build/alliecat_candythecatacorn/usart_sam_ba.o
 .text.usart_getdata_xmd
                0x0000000000000000       0xa4 build/alliecat_candythecatacorn/usart_sam_ba.o
 COMMON         0x0000000000000000      0x109 build/alliecat_candythecatacorn/usart_sam_ba.o
 .text          0x0000000000000000        0x0 build/alliecat_candythecatacorn/screen.o
 .data          0x0000000000000000        0x0 build/alliecat_candythecatacorn/screen.o
 .bss           0x0000000000000000        0x0 build/alliecat_candythecatacorn/screen.o
 .debug_info    0x0000000000000000      0x8e7 build/alliecat_candythecatacorn/screen.o
 .debug_abbrev  0x0000000000000000      0x197 build/alliecat_candythecatacorn/screen.o
 .debug_aranges
                0x0000000000000000       0x18 build/alliecat_candythecatacorn/screen.o
 .debug_line    0x0000000000000000      0x105 build/alliecat_candythecatacorn/screen.o
 .debug_str     0x0000000000000000      0x5f5 build/alliecat_candythecatacorn/screen.o
 .comment       0x0000000000000000       0x58 build/alliecat_candythecatacorn/screen.o
 .ARM.attributes
                0x0000000000000000       0x32 build/alliecat_candythecatacorn/screen.o
 .text          0x0000000000000000        0x0 build/alliecat_candythecatacorn/images.o
 .data          0x0000000000000000        0x0 build/alliecat_candythecatacorn/images.o
 .bss           0x0000000000000000        0x0 build/alliecat_candythecatacorn/images.o
 .rodata.arrowLogo
                0x0000000000000000       0x39 build/alliecat_candythecatacorn/images.o
 .rodata.fileLogo
                0x0000000000000000       0x4a build/alliecat_candythecatacorn/images.o
 .rodata.font8  0x0000000000000000      0x240 build/alliecat_candythecatacorn/images.o
 .rodata.pendriveLogo
                0x0000000000000000       0x3e build/alliecat_candythecatacorn/images.o
 .debug_info    0x0000000000000000      0x118 build/alliecat_candythecatacorn/images.o
 .debug_abbrev  0x0000000000000000       0x66 build/alliecat_candythecatacorn/images.o
 .debug_aranges
                0x0000000000000000       0x18 build/alliecat_candythecatacorn/images.o
 .debug_line    0x0000000000000000       0x82 build/alliecat_candythecatacorn/images.o
 .debug_str     0x0000000000000000      0x1e3 build/alliecat_candythecatacorn/images.o
 .comment       0x0000000000000000       0x58 build/alliecat_candythecatacorn/images.o
 .ARM.attributes
                0x0000000000000000       0x32 build/alliecat_candythecatacorn/images.o
 .text          0x0000000000000000        0x0 build/alliecat_candythecatacorn/utils.o
 .data          0x0000000000000000        0x0 build/alliecat_candythecatacorn/utils.o
 .bss           0x0000000000000000        0x0 build/alliecat_candythecatacorn/utils.o
 .text.panic    0x0000000000000000        0x2 build/alliecat_candythecatacorn/utils.o
 .text          0x0000000000000000        0x0 build/alliecat_candythecatacorn/cdc_enumerate.o
 .data          0x0000000000000000        0x0 build/alliecat_candythecatacorn/cdc_enumerate.o
 .bss           0x0000000000000000        0x0 build/alliecat_candythecatacorn/cdc_enumerate.o
 .text.reset_ep
                0x0000000000000000       0x24 build/alliecat_candythecatacorn/cdc_enumerate.o
 .text.stall_ep
                0x0000000000000000       0x20 build/alliecat_candythecatacorn/cdc_enumerate.o
 .text.cdc_is_rx_ready
                0x0000000000000000       0x20 build/alliecat_candythecatacorn/cdc_enumerate.o
 .text          0x0000000000000000        0x0 build/alliecat_candythecatacorn/fat.o
 .data          0x0000000000000000        0x0 build/alliecat_candythecatacorn/fat.o
 .bss           0x0000000000000000        0x0 build/alliecat_candythecatacorn/fat.o
 .text          0x0000000000000000        0x0 build/alliecat_candythecatacorn/main.o
 .data          0x0000000000000000        0x0 build/alliecat_candythecatacorn/main.o
 .bss           0x0000000000000000        0x0 build/alliecat_candythecatacorn/main.o
 .text          0x0000000000000000        0x0 build/alliecat_candythecatacorn/msc.o
 .data          0x0000000000000000        0x0 build/alliecat_candythecatacorn/msc.o
 .bss           0x0000000000000000        0x0 build/alliecat_candythecatacorn/msc.o
 .text.msc_reset
                0x0000000000000000       0x1c build/alliecat_candythecatacorn/msc.o
 .text.udd_ep_set_halt
                0x0000000000000000       0x10 build/alliecat_candythecatacorn/msc.o
 .bss.mscReset  0x0000000000000000        0x1 build/alliecat_candythecatacorn/msc.o
 .text          0x0000000000000000        0x0 build/alliecat_candythecatacorn/sam_ba_monitor.o
 .data          0x0000000000000000        0x0 build/alliecat_candythecatacorn/sam_ba_monitor.o
 .bss           0x0000000000000000        0x0 build/alliecat_candythecatacorn/sam_ba_monitor.o
 .text.sam_ba_monitor_init
                0x0000000000000000        0x2 build/alliecat_candythecatacorn/sam_ba_monitor.o
 .text.sam_ba_putdata_term
                0x0000000000000000        0x8 build/alliecat_candythecatacorn/sam_ba_monitor.o
 .text          0x0000000000000000        0x0 build/alliecat_candythecatacorn/uart_driver.o
 .data          0x0000000000000000        0x0 build/alliecat_candythecatacorn/uart_driver.o
 .bss           0x0000000000000000        0x0 build/alliecat_candythecatacorn/uart_driver.o
 .text.uart_get_sercom_index
                0x0000000000000000       0x2c build/alliecat_candythecatacorn/uart_driver.o
 .text.uart_basic_init
                0x0000000000000000       0x58 build/alliecat_candythecatacorn/uart_driver.o
 .text.uart_disable
                0x0000000000000000       0x10 build/alliecat_candythecatacorn/uart_driver.o
 .text.uart_write_byte
                0x0000000000000000        0xc build/alliecat_candythecatacorn/uart_driver.o
 .text.uart_read_byte
                0x0000000000000000       0x28 build/alliecat_candythecatacorn/uart_driver.o
 .text.uart_write_buffer_polled
                0x0000000000000000       0x20 build/alliecat_candythecatacorn/uart_driver.o
 .text.uart_read_buffer_polled
                0x0000000000000000       0x3c build/alliecat_candythecatacorn/uart_driver.o
 .rodata        0x0000000000000000       0x10 build/alliecat_candythecatacorn/uart_driver.o
 .bss.uart_drv_error_flag
                0x0000000000000000        0x1 build/alliecat_candythecatacorn/uart_driver.o
 .debug_info    0x0000000000000000     0x264d build/alliecat_candythecatacorn/uart_driver.o
 .debug_abbrev  0x0000000000000000      0x2ad build/alliecat_candythecatacorn/uart_driver.o
 .debug_loc     0x0000000000000000      0x135 build/alliecat_candythecatacorn/uart_driver.o
 .debug_aranges
                0x0000000000000000       0x50 build/alliecat_candythecatacorn/uart_driver.o
 .debug_ranges  0x0000000000000000       0x40 build/alliecat_candythecatacorn/uart_driver.o
 .debug_line    0x0000000000000000      0x263 build/alliecat_candythecatacorn/uart_driver.o
 .debug_str     0x0000000000000000      0xe0f build/alliecat_candythecatacorn/uart_driver.o
 .comment       0x0000000000000000       0x58 build/alliecat_candythecatacorn/uart_driver.o
 .debug_frame   0x0000000000000000       0xb0 build/alliecat_candythecatacorn/uart_driver.o
 .ARM.attributes
                0x0000000000000000       0x32 build/alliecat_candythecatacorn/uart_driver.o
 .text          0x0000000000000000        0x0 build/alliecat_candythecatacorn/hid.o
 .data          0x0000000000000000        0x0 build/alliecat_candythecatacorn/hid.o
 .bss           0x0000000000000000        0x0 build/alliecat_candythecatacorn/hid.o
 .debug_info    0x0000000000000000      0x8e7 build/alliecat_candythecatacorn/hid.o
 .debug_abbrev  0x0000000000000000      0x197 build/alliecat_candythecatacorn/hid.o
 .debug_aranges
                0x0000000000000000       0x18 build/alliecat_candythecatacorn/hid.o
 .debug_line    0x0000000000000000      0x105 build/alliecat_candythecatacorn/hid.o
 .debug_str     0x0000000000000000      0x5f2 build/alliecat_candythecatacorn/hid.o
 .comment       0x0000000000000000       0x58 build/alliecat_candythecatacorn/hid.o
 .ARM.attributes
                0x0000000000000000       0x32 build/alliecat_candythecatacorn/hid.o
 .data          0x0000000000000000        0x0 /usr/lib/gcc/arm-none-eabi/7.3.1/../../../arm-none-eabi/lib/thumb/v6-m/libg_nano.a(lib_a-memcpy-stub.o)
 .bss           0x0000000000000000        0x0 /usr/lib/gcc/arm-none-eabi/7.3.1/../../../arm-none-eabi/lib/thumb/v6-m/libg_nano.a(lib_a-memcpy-stub.o)
 .data          0x0000000000000000        0x0 /usr/lib/gcc/arm-none-eabi/7.3.1/../../../arm-none-eabi/lib/thumb/v6-m/libg_nano.a(lib_a-memset.o)
 .bss           0x0000000000000000        0x0 /usr/lib/gcc/arm-none-eabi/7.3.1/../../../arm-none-eabi/lib/thumb/v6-m/libg_nano.a(lib_a-memset.o)
 .data          0x0000000000000000        0x0 /usr/lib/gcc/arm-none-eabi/7.3.1/../../../arm-none-eabi/lib/thumb/v6-m/libg_nano.a(lib_a-strlen-stub.o)
 .bss           0x0000000000000000        0x0 /usr/lib/gcc/arm-none-eabi/7.3.1/../../../arm-none-eabi/lib/thumb/v6-m/libg_nano.a(lib_a-strlen-stub.o)

Memory Configuration

Name             Origin             Length             Attributes
rom              0x0000000000000000 0x0000000000002000 xr
ram              0x0000000020000000 0x0000000000008000 xrw
*default*        0x0000000000000000 0xffffffffffffffff

Linker script and memory map

LOAD build/alliecat_candythecatacorn/flash_samd21.o
LOAD build/alliecat_candythecatacorn/init_samd21.o
LOAD build/alliecat_candythecatacorn/startup_samd21.o
LOAD build/alliecat_candythecatacorn/usart_sam_ba.o
LOAD build/alliecat_candythecatacorn/screen.o
LOAD build/alliecat_candythecatacorn/images.o
LOAD build/alliecat_candythecatacorn/utils.o
LOAD build/alliecat_candythecatacorn/cdc_enumerate.o
LOAD build/alliecat_candythecatacorn/fat.o
LOAD build/alliecat_candythecatacorn/main.o
LOAD build/alliecat_candythecatacorn/msc.o
LOAD build/alliecat_candythecatacorn/sam_ba_monitor.o
LOAD build/alliecat_candythecatacorn/uart_driver.o
LOAD build/alliecat_candythecatacorn/hid.o
START GROUP
LOAD /usr/lib/gcc/arm-none-eabi/7.3.1/thumb/v6-m/libgcc.a
LOAD /usr/lib/gcc/arm-none-eabi/7.3.1/../../../arm-none-eabi/lib/thumb/v6-m/libg_nano.a
LOAD /usr/lib/gcc/arm-none-eabi/7.3.1/../../../arm-none-eabi/lib/thumb/v6-m/libc_nano.a
END GROUP
START GROUP
LOAD /usr/lib/gcc/arm-none-eabi/7.3.1/thumb/v6-m/libgcc.a
LOAD /usr/lib/gcc/arm-none-eabi/7.3.1/../../../arm-none-eabi/lib/thumb/v6-m/libc_nano.a
LOAD /usr/lib/gcc/arm-none-eabi/7.3.1/../../../arm-none-eabi/lib/thumb/v6-m/libnosys.a
END GROUP
START GROUP
LOAD /usr/lib/gcc/arm-none-eabi/7.3.1/thumb/v6-m/libgcc.a
LOAD /usr/lib/gcc/arm-none-eabi/7.3.1/../../../arm-none-eabi/lib/thumb/v6-m/libc_nano.a
LOAD /usr/lib/gcc/arm-none-eabi/7.3.1/../../../arm-none-eabi/lib/thumb/v6-m/libnosys.a
END GROUP
                0x0000000000002000                STACK_SIZE = DEFINED (STACK_SIZE)?STACK_SIZE:DEFINED (__stack_size__)?__stack_size__:0x2000

.text           0x0000000000000000     0x1b68
                0x0000000000000000                . = ALIGN (0x4)
                0x0000000000000000                _sfixed = .
 *(.vectors .vectors.*)
 .vectors       0x0000000000000000       0xb4 build/alliecat_candythecatacorn/startup_samd21.o
                0x0000000000000000                exception_table
 *(.text .text.* .gnu.linkonce.t.*)
 .text.flash_erase_row
                0x00000000000000b4       0x28 build/alliecat_candythecatacorn/flash_samd21.o
                0x00000000000000b4                flash_erase_row
 .text.flash_erase_to_end
                0x00000000000000dc       0x1c build/alliecat_candythecatacorn/flash_samd21.o
                0x00000000000000dc                flash_erase_to_end
 .text.flash_write_words
                0x00000000000000f8       0x54 build/alliecat_candythecatacorn/flash_samd21.o
                0x00000000000000f8                flash_write_words
 .text.flash_write_row
                0x000000000000014c       0x2e build/alliecat_candythecatacorn/flash_samd21.o
                0x000000000000014c                flash_write_row
 *fill*         0x000000000000017a        0x2 
 .text.gclk_sync
                0x000000000000017c       0x10 build/alliecat_candythecatacorn/init_samd21.o
 .text.dfll_sync
                0x000000000000018c       0x10 build/alliecat_candythecatacorn/init_samd21.o
 .text.system_init
                0x000000000000019c       0xcc build/alliecat_candythecatacorn/init_samd21.o
                0x000000000000019c                system_init
 .text.SysTick_Handler
                0x0000000000000268        0x8 build/alliecat_candythecatacorn/init_samd21.o
                0x0000000000000268                SysTick_Handler
 .text.Dummy_Handler
                0x0000000000000270        0x2 build/alliecat_candythecatacorn/startup_samd21.o
                0x0000000000000270                DMAC_Handler
                0x0000000000000270                AC_Handler
                0x0000000000000270                PendSV_Handler
                0x0000000000000270                NMI_Handler
                0x0000000000000270                SERCOM1_Handler
                0x0000000000000270                ADC_Handler
                0x0000000000000270                TCC1_Handler
                0x0000000000000270                SERCOM2_Handler
                0x0000000000000270                TCC0_Handler
                0x0000000000000270                RTC_Handler
                0x0000000000000270                EIC_Handler
                0x0000000000000270                WDT_Handler
                0x0000000000000270                TC4_Handler
                0x0000000000000270                USB_Handler
                0x0000000000000270                TC3_Handler
                0x0000000000000270                Dummy_Handler
                0x0000000000000270                PM_Handler
                0x0000000000000270                SVC_Handler
                0x0000000000000270                TCC2_Handler
                0x0000000000000270                EVSYS_Handler
                0x0000000000000270                SERCOM3_Handler
                0x0000000000000270                I2S_Handler
                0x0000000000000270                NVMCTRL_Handler
                0x0000000000000270                SERCOM0_Handler
                0x0000000000000270                DAC_Handler
                0x0000000000000270                PTC_Handler
                0x0000000000000270                TC5_Handler
                0x0000000000000270                SYSCTRL_Handler
 .text.HardFault_Handler
                0x0000000000000272        0x2 build/alliecat_candythecatacorn/startup_samd21.o
                0x0000000000000272                HardFault_Handler
 .text.Reset_Handler
                0x0000000000000274       0xb0 build/alliecat_candythecatacorn/startup_samd21.o
                0x0000000000000274                Reset_Handler
 .text.add_crc  0x0000000000000324       0x54 build/alliecat_candythecatacorn/usart_sam_ba.o
                0x0000000000000324                add_crc
 .text.delay    0x0000000000000378       0x10 build/alliecat_candythecatacorn/utils.o
                0x0000000000000378                delay
 .text.writeNum
                0x0000000000000388       0x38 build/alliecat_candythecatacorn/utils.o
                0x0000000000000388                writeNum
 .text.resetIntoBootloader
                0x00000000000003c0       0x28 build/alliecat_candythecatacorn/utils.o
                0x00000000000003c0                resetIntoBootloader
 .text.led_tick
                0x00000000000003e8       0x80 build/alliecat_candythecatacorn/utils.o
                0x00000000000003e8                led_tick
 .text.led_signal
                0x0000000000000468       0x2c build/alliecat_candythecatacorn/utils.o
                0x0000000000000468                led_signal
 .text.write_apa_byte
                0x0000000000000494       0x28 build/alliecat_candythecatacorn/utils.o
                0x0000000000000494                write_apa_byte
 .text.RGBLED_set_color
                0x00000000000004bc       0x58 build/alliecat_candythecatacorn/utils.o
                0x00000000000004bc                RGBLED_set_color
 .text.resetIntoApp
                0x0000000000000514       0x34 build/alliecat_candythecatacorn/utils.o
                0x0000000000000514                resetIntoApp
 .text.timerTick
                0x0000000000000548       0x40 build/alliecat_candythecatacorn/utils.o
                0x0000000000000548                timerTick
 .text.led_init
                0x0000000000000588       0x24 build/alliecat_candythecatacorn/utils.o
                0x0000000000000588                led_init
 .text.AT91F_InitUSB
                0x00000000000005ac      0x108 build/alliecat_candythecatacorn/cdc_enumerate.o
                0x00000000000005ac                AT91F_InitUSB
 .text.USB_ReadCore
                0x00000000000006b4       0xe0 build/alliecat_candythecatacorn/cdc_enumerate.o
                0x00000000000006b4                USB_ReadCore
 .text.USB_Read
                0x0000000000000794        0xa build/alliecat_candythecatacorn/cdc_enumerate.o
                0x0000000000000794                USB_Read
 .text.USB_ReadBlocking
                0x000000000000079e       0x22 build/alliecat_candythecatacorn/cdc_enumerate.o
                0x000000000000079e                USB_ReadBlocking
 .text.USB_WriteCore
                0x00000000000007c0       0x94 build/alliecat_candythecatacorn/cdc_enumerate.o
                0x00000000000007c0                USB_WriteCore
 .text.USB_Write
                0x0000000000000854        0xa build/alliecat_candythecatacorn/cdc_enumerate.o
                0x0000000000000854                USB_Write
 *fill*         0x000000000000085e        0x2 
 .text.sendCtrl
                0x0000000000000860       0x1c build/alliecat_candythecatacorn/cdc_enumerate.o
 .text.AT91F_USB_SendZlp
                0x000000000000087c       0x10 build/alliecat_candythecatacorn/cdc_enumerate.o
                0x000000000000087c                AT91F_USB_SendZlp
 .text.USB_Ok   0x000000000000088c      0x3fc build/alliecat_candythecatacorn/cdc_enumerate.o
                0x000000000000088c                USB_Ok
 .text.usb_init
                0x0000000000000c88       0x20 build/alliecat_candythecatacorn/cdc_enumerate.o
                0x0000000000000c88                usb_init
 .text.cdc_write_buf
                0x0000000000000ca8        0xe build/alliecat_candythecatacorn/cdc_enumerate.o
                0x0000000000000ca8                cdc_write_buf
 .text.cdc_write_buf_xmd
                0x0000000000000cb6        0xe build/alliecat_candythecatacorn/cdc_enumerate.o
                0x0000000000000cb6                cdc_write_buf_xmd
 .text.cdc_read_buf
                0x0000000000000cc4       0x1e build/alliecat_candythecatacorn/cdc_enumerate.o
                0x0000000000000cc4                cdc_read_buf
 .text.cdc_read_buf_xmd
                0x0000000000000ce2       0x22 build/alliecat_candythecatacorn/cdc_enumerate.o
                0x0000000000000ce2                cdc_read_buf_xmd
 .text.padded_memcpy
                0x0000000000000d04       0x20 build/alliecat_candythecatacorn/fat.o
                0x0000000000000d04                padded_memcpy
 .text.read_block
                0x0000000000000d24      0x178 build/alliecat_candythecatacorn/fat.o
                0x0000000000000d24                read_block
 .text.write_block
                0x0000000000000e9c       0xe8 build/alliecat_candythecatacorn/fat.o
                0x0000000000000e9c                write_block
 .text.startup.main
                0x0000000000000f84      0x12c build/alliecat_candythecatacorn/main.o
                0x0000000000000f84                main
 .text.udi_msc_clear_sense
                0x00000000000010b0       0x1c build/alliecat_candythecatacorn/msc.o
 .text.handover_flash
                0x00000000000010cc       0x34 build/alliecat_candythecatacorn/msc.o
 .text.try_read_cbw
                0x0000000000001100       0x2c build/alliecat_candythecatacorn/msc.o
                0x0000000000001100                try_read_cbw
 .text.udi_msc_csw_send
                0x000000000000112c       0x14 build/alliecat_candythecatacorn/msc.o
                0x000000000000112c                udi_msc_csw_send
 .text.udi_msc_csw_process
                0x0000000000001140       0x38 build/alliecat_candythecatacorn/msc.o
 .text.udi_msc_data_send
                0x0000000000001178       0x6c build/alliecat_candythecatacorn/msc.o
 .text.udi_msc_spc_mode_sense
                0x00000000000011e4       0x70 build/alliecat_candythecatacorn/msc.o
 .text.udi_msc_sbc_trans
                0x0000000000001254       0xc8 build/alliecat_candythecatacorn/msc.o
 .text.process_msc
                0x000000000000131c      0x13c build/alliecat_candythecatacorn/msc.o
                0x000000000000131c                process_msc
 .text.handoverPrep
                0x0000000000001458       0x24 build/alliecat_candythecatacorn/msc.o
                0x0000000000001458                handoverPrep
 .text.handover
                0x000000000000147c       0xe4 build/alliecat_candythecatacorn/msc.o
 .text.call_applet
                0x0000000000001560       0x24 build/alliecat_candythecatacorn/sam_ba_monitor.o
                0x0000000000001560                call_applet
 .text.put_uint32
                0x0000000000001584       0x16 build/alliecat_candythecatacorn/sam_ba_monitor.o
                0x0000000000001584                put_uint32
 *fill*         0x000000000000159a        0x2 
 .text.sam_ba_monitor_run
                0x000000000000159c      0x254 build/alliecat_candythecatacorn/sam_ba_monitor.o
                0x000000000000159c                sam_ba_monitor_run
 .text          0x00000000000017f0       0x88 /usr/lib/gcc/arm-none-eabi/7.3.1/../../../arm-none-eabi/lib/thumb/v6-m/libg_nano.a(lib_a-memcpy-stub.o)
                0x00000000000017f0                memcpy
 .text          0x0000000000001878       0x9c /usr/lib/gcc/arm-none-eabi/7.3.1/../../../arm-none-eabi/lib/thumb/v6-m/libg_nano.a(lib_a-memset.o)
                0x0000000000001878                memset
 .text          0x0000000000001914       0x64 /usr/lib/gcc/arm-none-eabi/7.3.1/../../../arm-none-eabi/lib/thumb/v6-m/libg_nano.a(lib_a-strlen-stub.o)
                0x0000000000001914                strlen
 *(.glue_7t)
 .glue_7t       0x0000000000001978        0x0 linker stubs
 *(.glue_7)
 .glue_7        0x0000000000001978        0x0 linker stubs
 *(.rodata .rodata* .gnu.linkonce.r.*)
 .rodata        0x0000000000001978       0x10 build/alliecat_candythecatacorn/cdc_enumerate.o
 .rodata.devDescriptor
                0x0000000000001988       0x12 build/alliecat_candythecatacorn/cdc_enumerate.o
                0x0000000000001988                devDescriptor
 .rodata.str1.1
                0x000000000000199a       0x1c build/alliecat_candythecatacorn/cdc_enumerate.o
 *fill*         0x00000000000019b6        0x2 
 .rodata.string_descriptors
                0x00000000000019b8       0x10 build/alliecat_candythecatacorn/cdc_enumerate.o
 .rodata.BootBlock
                0x00000000000019c8       0x3e build/alliecat_candythecatacorn/fat.o
 .rodata.indexFile
                0x0000000000001a06       0x86 build/alliecat_candythecatacorn/fat.o
                0x0000000000001a06                indexFile
 .rodata.info   0x0000000000001a8c       0x30 build/alliecat_candythecatacorn/fat.o
 .rodata.infoUf2File
                0x0000000000001abc       0x66 build/alliecat_candythecatacorn/fat.o
                0x0000000000001abc                infoUf2File
 .rodata        0x0000000000001b22        0xc build/alliecat_candythecatacorn/msc.o
 .rodata.process_msc.str1.1
                0x0000000000001b2e       0x13 build/alliecat_candythecatacorn/msc.o
 .rodata.fullVersion
                0x0000000000001b2e       0x2a build/alliecat_candythecatacorn/sam_ba_monitor.o
 .rodata.sam_ba_monitor_run.str1.1
                0x0000000000001b58       0x10 build/alliecat_candythecatacorn/sam_ba_monitor.o
 *(.ARM.extab* .gnu.linkonce.armextab.*)
                0x0000000000001b68                . = ALIGN (0x4)
 *(.init)
                0x0000000000001b68                . = ALIGN (0x4)
                0x0000000000001b68                __preinit_array_start = .
 *(.preinit_array)
                0x0000000000001b68                __preinit_array_end = .
                0x0000000000001b68                . = ALIGN (0x4)
                0x0000000000001b68                __init_array_start = .
 *(SORT_BY_NAME(.init_array.*))
 *(.init_array)
                0x0000000000001b68                __init_array_end = .
                0x0000000000001b68                . = ALIGN (0x4)
 *crtbegin.o(.ctors)
 *(EXCLUDE_FILE(*crtend.o) .ctors)
 *(SORT_BY_NAME(.ctors.*))
 *crtend.o(.ctors)
                0x0000000000001b68                . = ALIGN (0x4)
                0x0000000000001b68                _efixed = .
                [!provide]                        PROVIDE (__exidx_start = .)

.vfp11_veneer   0x0000000000001b68        0x0
 .vfp11_veneer  0x0000000000001b68        0x0 linker stubs

.v4_bx          0x0000000000001b68        0x0
 .v4_bx         0x0000000000001b68        0x0 linker stubs

.iplt           0x0000000000001b68        0x0
 .iplt          0x0000000000001b68        0x0 build/alliecat_candythecatacorn/flash_samd21.o

.igot.plt       0x0000000000001b68        0x0
 .igot.plt      0x0000000000001b68        0x0 build/alliecat_candythecatacorn/flash_samd21.o

.rel.dyn        0x0000000000001b68        0x0
 .rel.iplt      0x0000000000001b68        0x0 build/alliecat_candythecatacorn/flash_samd21.o

.ARM.exidx
 *(.ARM.exidx* .gnu.linkonce.armexidx.*)
                [!provide]                        PROVIDE (__exidx_end = .)
                0x0000000000001b68                . = ALIGN (0x4)
                0x0000000000001b68                _etext = .

.relocate       0x0000000020000000       0xac load address 0x0000000000001b68
                0x0000000020000000                . = ALIGN (0x4)
                0x0000000020000000                _srelocate = .
 *(.ramfunc .ramfunc.*)
 *(.data .data.*)
 .data.led_tick_step
                0x0000000020000000        0x1 build/alliecat_candythecatacorn/utils.o
                0x0000000020000000                led_tick_step
 .data.limit    0x0000000020000001        0x1 build/alliecat_candythecatacorn/utils.o
 *fill*         0x0000000020000002        0x2 
 .data.bosDescriptor
                0x0000000020000004        0x5 build/alliecat_candythecatacorn/cdc_enumerate.o
 *fill*         0x0000000020000009        0x3 
 .data.cfgDescriptor
                0x000000002000000c       0x62 build/alliecat_candythecatacorn/cdc_enumerate.o
                0x000000002000000c                cfgDescriptor
 *fill*         0x000000002000006e        0x2 
 .data.line_coding
                0x0000000020000070        0x8 build/alliecat_candythecatacorn/cdc_enumerate.o
 .data.udi_msc_csw
                0x0000000020000078        0xd build/alliecat_candythecatacorn/msc.o
 *fill*         0x0000000020000085        0x3 
 .data.udi_msc_inquiry_data.12032
                0x0000000020000088       0x24 build/alliecat_candythecatacorn/msc.o
                0x00000000200000ac                . = ALIGN (0x4)
                0x00000000200000ac                _erelocate = .

.bss            0x00000000200000ac      0x8f8 load address 0x0000000000001c14
                0x00000000200000ac                . = ALIGN (0x4)
                0x00000000200000ac                _sbss = .
                0x00000000200000ac                _szero = .
 *(.bss .bss.*)
 .bss.crcCache  0x00000000200000ac      0x200 build/alliecat_candythecatacorn/usart_sam_ba.o
 .bss.now       0x00000000200002ac        0x4 build/alliecat_candythecatacorn/utils.o
 .bss.signal_end
                0x00000000200002b0        0x4 build/alliecat_candythecatacorn/utils.o
 .bss.timerLow  0x00000000200002b4        0x4 build/alliecat_candythecatacorn/utils.o
 .bss.currentConfiguration
                0x00000000200002b8        0x1 build/alliecat_candythecatacorn/cdc_enumerate.o
 .bss.serial_number
                0x00000000200002b9       0x21 build/alliecat_candythecatacorn/cdc_enumerate.o
 .bss.wLength   0x00000000200002da        0x2 build/alliecat_candythecatacorn/cdc_enumerate.o
 .bss.main_b_cdc_enable
                0x00000000200002dc        0x1 build/alliecat_candythecatacorn/main.o
 *fill*         0x00000000200002dd        0x3 
 .bss.block_buffer
                0x00000000200002e0      0x200 build/alliecat_candythecatacorn/msc.o
 .bss.sense.12055
                0x00000000200004e0       0x14 build/alliecat_candythecatacorn/msc.o
 .bss.udi_msc_capacity.12065
                0x00000000200004f4        0x8 build/alliecat_candythecatacorn/msc.o
 .bss.udi_msc_cbw
                0x00000000200004fc       0x1f build/alliecat_candythecatacorn/msc.o
 .bss.udi_msc_sense
                0x000000002000051b       0x12 build/alliecat_candythecatacorn/msc.o
 *fill*         0x000000002000052d        0x3 
 .bss.usbWriteState
                0x0000000020000530       0x98 build/alliecat_candythecatacorn/msc.o
 .bss.b_sam_ba_interface_usart
                0x00000000200005c8        0x1 build/alliecat_candythecatacorn/sam_ba_monitor.o
                0x00000000200005c8                b_sam_ba_interface_usart
 *fill*         0x00000000200005c9        0x3 
 .bss.src_buff_addr.11477
                0x00000000200005cc        0x4 build/alliecat_candythecatacorn/sam_ba_monitor.o
 *(COMMON)
 COMMON         0x00000000200005d0        0x8 build/alliecat_candythecatacorn/utils.o
                0x00000000200005d0                timerHigh
                0x00000000200005d4                resetHorizon
 COMMON         0x00000000200005d8      0x364 build/alliecat_candythecatacorn/cdc_enumerate.o
                0x00000000200005d8                ctrlOutCache
                0x000000002000061c                usb_endpoint_table
                0x000000002000071c                endpointCache
 COMMON         0x000000002000093c       0x68 build/alliecat_candythecatacorn/sam_ba_monitor.o
                0x000000002000093c                j
                0x0000000020000940                length
                0x0000000020000944                ptr
                0x0000000020000948                command
                0x000000002000094c                i
                0x0000000020000950                data
                0x0000000020000994                ptr_data
                0x0000000020000998                sp
                0x000000002000099c                current_number
                0x00000000200009a0                u32tmp
                0x00000000200009a4                . = ALIGN (0x4)
                0x00000000200009a4                _ebss = .
                0x00000000200009a4                _ezero = .

.stack          0x00000000200009a4     0x2004 load address 0x000000000000250c
                0x00000000200009a8                . = ALIGN (0x8)
 *fill*         0x00000000200009a4        0x4 
                0x00000000200009a8                _sstack = .
                0x00000000200029a8                . = (. + STACK_SIZE)
 *fill*         0x00000000200009a8     0x2000 
                0x00000000200029a8                . = ALIGN (0x8)
                0x00000000200029a8                _estack = .
                0x00000000200029a8                . = ALIGN (0x4)
                0x00000000200029a8                _end = .
                0x0000000000001ff0                _binfo_start = 0x1ff0

.binfo          0x0000000000001ff0       0x10
 *(.binfo)
 .binfo         0x0000000000001ff0       0x10 build/alliecat_candythecatacorn/msc.o
                0x0000000000001ff0                binfo
OUTPUT(build/alliecat_candythecatacorn/bootloader-alliecat_candythecatacorn-v3.4.0-66-gc8f99de-dirty.elf elf32-littlearm)

.debug_info     0x0000000000000000    0x1916f
 .debug_info    0x0000000000000000      0xf9b build/alliecat_candythecatacorn/flash_samd21.o
 .debug_info    0x0000000000000f9b     0x231e build/alliecat_candythecatacorn/init_samd21.o
 .debug_info    0x00000000000032b9     0x35c5 build/alliecat_candythecatacorn/startup_samd21.o
 .debug_info    0x000000000000687e     0x3cf9 build/alliecat_candythecatacorn/usart_sam_ba.o
 .debug_info    0x000000000000a577     0x1378 build/alliecat_candythecatacorn/utils.o
 .debug_info    0x000000000000b8ef     0x4366 build/alliecat_candythecatacorn/cdc_enumerate.o
 .debug_info    0x000000000000fc55      0xfd5 build/alliecat_candythecatacorn/fat.o
 .debug_info    0x0000000000010c2a     0x1983 build/alliecat_candythecatacorn/main.o
 .debug_info    0x00000000000125ad     0x389c build/alliecat_candythecatacorn/msc.o
 .debug_info    0x0000000000015e49      0xdf6 build/alliecat_candythecatacorn/sam_ba_monitor.o
 .debug_info    0x0000000000016c3f      0xe36 /usr/lib/gcc/arm-none-eabi/7.3.1/../../../arm-none-eabi/lib/thumb/v6-m/libg_nano.a(lib_a-memcpy-stub.o)
 .debug_info    0x0000000000017a75      0xe1d /usr/lib/gcc/arm-none-eabi/7.3.1/../../../arm-none-eabi/lib/thumb/v6-m/libg_nano.a(lib_a-memset.o)
 .debug_info    0x0000000000018892      0x8dd /usr/lib/gcc/arm-none-eabi/7.3.1/../../../arm-none-eabi/lib/thumb/v6-m/libg_nano.a(lib_a-strlen-stub.o)

.debug_abbrev   0x0000000000000000     0x28e3
 .debug_abbrev  0x0000000000000000      0x2c1 build/alliecat_candythecatacorn/flash_samd21.o
 .debug_abbrev  0x00000000000002c1      0x32c build/alliecat_candythecatacorn/init_samd21.o
 .debug_abbrev  0x00000000000005ed      0x25b build/alliecat_candythecatacorn/startup_samd21.o
 .debug_abbrev  0x0000000000000848      0x48b build/alliecat_candythecatacorn/usart_sam_ba.o
 .debug_abbrev  0x0000000000000cd3      0x371 build/alliecat_candythecatacorn/utils.o
 .debug_abbrev  0x0000000000001044      0x4c8 build/alliecat_candythecatacorn/cdc_enumerate.o
 .debug_abbrev  0x000000000000150c      0x319 build/alliecat_candythecatacorn/fat.o
 .debug_abbrev  0x0000000000001825      0x35d build/alliecat_candythecatacorn/main.o
 .debug_abbrev  0x0000000000001b82      0x4fd build/alliecat_candythecatacorn/msc.o
 .debug_abbrev  0x000000000000207f      0x386 build/alliecat_candythecatacorn/sam_ba_monitor.o
 .debug_abbrev  0x0000000000002405      0x1b4 /usr/lib/gcc/arm-none-eabi/7.3.1/../../../arm-none-eabi/lib/thumb/v6-m/libg_nano.a(lib_a-memcpy-stub.o)
 .debug_abbrev  0x00000000000025b9      0x1a8 /usr/lib/gcc/arm-none-eabi/7.3.1/../../../arm-none-eabi/lib/thumb/v6-m/libg_nano.a(lib_a-memset.o)
 .debug_abbrev  0x0000000000002761      0x182 /usr/lib/gcc/arm-none-eabi/7.3.1/../../../arm-none-eabi/lib/thumb/v6-m/libg_nano.a(lib_a-strlen-stub.o)

.debug_loc      0x0000000000000000     0x292a
 .debug_loc     0x0000000000000000      0x3a6 build/alliecat_candythecatacorn/flash_samd21.o
 .debug_loc     0x00000000000003a6       0x78 build/alliecat_candythecatacorn/init_samd21.o
 .debug_loc     0x000000000000041e       0x2b build/alliecat_candythecatacorn/startup_samd21.o
 .debug_loc     0x0000000000000449      0x7d4 build/alliecat_candythecatacorn/usart_sam_ba.o
 .debug_loc     0x0000000000000c1d      0x18f build/alliecat_candythecatacorn/utils.o
 .debug_loc     0x0000000000000dac      0xa7b build/alliecat_candythecatacorn/cdc_enumerate.o
 .debug_loc     0x0000000000001827      0x4b7 build/alliecat_candythecatacorn/fat.o
 .debug_loc     0x0000000000001cde       0x6e build/alliecat_candythecatacorn/main.o
 .debug_loc     0x0000000000001d4c      0x495 build/alliecat_candythecatacorn/msc.o
 .debug_loc     0x00000000000021e1      0x1d5 build/alliecat_candythecatacorn/sam_ba_monitor.o
 .debug_loc     0x00000000000023b6      0x33b /usr/lib/gcc/arm-none-eabi/7.3.1/../../../arm-none-eabi/lib/thumb/v6-m/libg_nano.a(lib_a-memcpy-stub.o)
 .debug_loc     0x00000000000026f1      0x1a5 /usr/lib/gcc/arm-none-eabi/7.3.1/../../../arm-none-eabi/lib/thumb/v6-m/libg_nano.a(lib_a-memset.o)
 .debug_loc     0x0000000000002896       0x94 /usr/lib/gcc/arm-none-eabi/7.3.1/../../../arm-none-eabi/lib/thumb/v6-m/libg_nano.a(lib_a-strlen-stub.o)

.debug_aranges  0x0000000000000000      0x3b0
 .debug_aranges
                0x0000000000000000       0x48 build/alliecat_candythecatacorn/flash_samd21.o
 .debug_aranges
                0x0000000000000048       0x38 build/alliecat_candythecatacorn/init_samd21.o
 .debug_aranges
                0x0000000000000080       0x30 build/alliecat_candythecatacorn/startup_samd21.o
 .debug_aranges
                0x00000000000000b0       0x88 build/alliecat_candythecatacorn/usart_sam_ba.o
 .debug_aranges
                0x0000000000000138       0x70 build/alliecat_candythecatacorn/utils.o
 .debug_aranges
                0x00000000000001a8       0x98 build/alliecat_candythecatacorn/cdc_enumerate.o
 .debug_aranges
                0x0000000000000240       0x30 build/alliecat_candythecatacorn/fat.o
 .debug_aranges
                0x0000000000000270       0x20 build/alliecat_candythecatacorn/main.o
 .debug_aranges
                0x0000000000000290       0x80 build/alliecat_candythecatacorn/msc.o
 .debug_aranges
                0x0000000000000310       0x40 build/alliecat_candythecatacorn/sam_ba_monitor.o
 .debug_aranges
                0x0000000000000350       0x20 /usr/lib/gcc/arm-none-eabi/7.3.1/../../../arm-none-eabi/lib/thumb/v6-m/libg_nano.a(lib_a-memcpy-stub.o)
 .debug_aranges
                0x0000000000000370       0x20 /usr/lib/gcc/arm-none-eabi/7.3.1/../../../arm-none-eabi/lib/thumb/v6-m/libg_nano.a(lib_a-memset.o)
 .debug_aranges
                0x0000000000000390       0x20 /usr/lib/gcc/arm-none-eabi/7.3.1/../../../arm-none-eabi/lib/thumb/v6-m/libg_nano.a(lib_a-strlen-stub.o)

.debug_ranges   0x0000000000000000      0x518
 .debug_ranges  0x0000000000000000       0x70 build/alliecat_candythecatacorn/flash_samd21.o
 .debug_ranges  0x0000000000000070       0x48 build/alliecat_candythecatacorn/init_samd21.o
 .debug_ranges  0x00000000000000b8       0x20 build/alliecat_candythecatacorn/startup_samd21.o
 .debug_ranges  0x00000000000000d8       0x78 build/alliecat_candythecatacorn/usart_sam_ba.o
 .debug_ranges  0x0000000000000150       0xb0 build/alliecat_candythecatacorn/utils.o
 .debug_ranges  0x0000000000000200       0xf0 build/alliecat_candythecatacorn/cdc_enumerate.o
 .debug_ranges  0x00000000000002f0       0xc8 build/alliecat_candythecatacorn/fat.o
 .debug_ranges  0x00000000000003b8       0x28 build/alliecat_candythecatacorn/main.o
 .debug_ranges  0x00000000000003e0       0xd8 build/alliecat_candythecatacorn/msc.o
 .debug_ranges  0x00000000000004b8       0x60 build/alliecat_candythecatacorn/sam_ba_monitor.o

.debug_line     0x0000000000000000     0x222d
 .debug_line    0x0000000000000000      0x23c build/alliecat_candythecatacorn/flash_samd21.o
 .debug_line    0x000000000000023c      0x245 build/alliecat_candythecatacorn/init_samd21.o
 .debug_line    0x0000000000000481      0x19c build/alliecat_candythecatacorn/startup_samd21.o
 .debug_line    0x000000000000061d      0x3d2 build/alliecat_candythecatacorn/usart_sam_ba.o
 .debug_line    0x00000000000009ef      0x306 build/alliecat_candythecatacorn/utils.o
 .debug_line    0x0000000000000cf5      0x483 build/alliecat_candythecatacorn/cdc_enumerate.o
 .debug_line    0x0000000000001178      0x29f build/alliecat_candythecatacorn/fat.o
 .debug_line    0x0000000000001417      0x248 build/alliecat_candythecatacorn/main.o
 .debug_line    0x000000000000165f      0x476 build/alliecat_candythecatacorn/msc.o
 .debug_line    0x0000000000001ad5      0x2a5 build/alliecat_candythecatacorn/sam_ba_monitor.o
 .debug_line    0x0000000000001d7a      0x1b9 /usr/lib/gcc/arm-none-eabi/7.3.1/../../../arm-none-eabi/lib/thumb/v6-m/libg_nano.a(lib_a-memcpy-stub.o)
 .debug_line    0x0000000000001f33      0x1b4 /usr/lib/gcc/arm-none-eabi/7.3.1/../../../arm-none-eabi/lib/thumb/v6-m/libg_nano.a(lib_a-memset.o)
 .debug_line    0x00000000000020e7      0x146 /usr/lib/gcc/arm-none-eabi/7.3.1/../../../arm-none-eabi/lib/thumb/v6-m/libg_nano.a(lib_a-strlen-stub.o)

.debug_str      0x0000000000000000     0x409b
 .debug_str     0x0000000000000000      0x71d build/alliecat_candythecatacorn/flash_samd21.o
                                        0x82e (size before relaxing)
 .debug_str     0x000000000000071d      0x6da build/alliecat_candythecatacorn/init_samd21.o
                                        0xea4 (size before relaxing)
 .debug_str     0x0000000000000df7      0xed1 build/alliecat_candythecatacorn/startup_samd21.o
                                       0x1372 (size before relaxing)
 .debug_str     0x0000000000001cc8      0xc48 build/alliecat_candythecatacorn/usart_sam_ba.o
                                       0x13f9 (size before relaxing)
 .debug_str     0x0000000000002910       0xd2 build/alliecat_candythecatacorn/utils.o
                                        0x8a8 (size before relaxing)
 .debug_str     0x00000000000029e2      0x40e build/alliecat_candythecatacorn/cdc_enumerate.o
                                       0x1636 (size before relaxing)
 .debug_str     0x0000000000002df0      0x29f build/alliecat_candythecatacorn/fat.o
                                        0x929 (size before relaxing)
 .debug_str     0x000000000000308f       0x86 build/alliecat_candythecatacorn/main.o
                                        0xb28 (size before relaxing)
 .debug_str     0x0000000000003115      0x9d0 build/alliecat_candythecatacorn/msc.o
                                       0x18e1 (size before relaxing)
 .debug_str     0x0000000000003ae5       0xa9 build/alliecat_candythecatacorn/sam_ba_monitor.o
                                        0x7d2 (size before relaxing)
 .debug_str     0x0000000000003b8e      0x43e /usr/lib/gcc/arm-none-eabi/7.3.1/../../../arm-none-eabi/lib/thumb/v6-m/libg_nano.a(lib_a-memcpy-stub.o)
                                        0x918 (size before relaxing)
 .debug_str     0x0000000000003fcc       0x8b /usr/lib/gcc/arm-none-eabi/7.3.1/../../../arm-none-eabi/lib/thumb/v6-m/libg_nano.a(lib_a-memset.o)
                                        0x8f3 (size before relaxing)
 .debug_str     0x0000000000004057       0x44 /usr/lib/gcc/arm-none-eabi/7.3.1/../../../arm-none-eabi/lib/thumb/v6-m/libg_nano.a(lib_a-strlen-stub.o)
                                        0x5ef (size before relaxing)

.comment        0x0000000000000000       0xae
 .comment       0x0000000000000000       0x57 build/alliecat_candythecatacorn/flash_samd21.o
                                         0x58 (size before relaxing)
 .comment       0x0000000000000057       0x58 build/alliecat_candythecatacorn/init_samd21.o
 .comment       0x0000000000000057       0x58 build/alliecat_candythecatacorn/startup_samd21.o
 .comment       0x0000000000000057       0x58 build/alliecat_candythecatacorn/usart_sam_ba.o
 .comment       0x0000000000000057       0x58 build/alliecat_candythecatacorn/utils.o
 .comment       0x0000000000000057       0x58 build/alliecat_candythecatacorn/cdc_enumerate.o
 .comment       0x0000000000000057       0x58 build/alliecat_candythecatacorn/fat.o
 .comment       0x0000000000000057       0x58 build/alliecat_candythecatacorn/main.o
 .comment       0x0000000000000057       0x58 build/alliecat_candythecatacorn/msc.o
 .comment       0x0000000000000057       0x58 build/alliecat_candythecatacorn/sam_ba_monitor.o
 .comment       0x0000000000000057       0x57 /usr/lib/gcc/arm-none-eabi/7.3.1/../../../arm-none-eabi/lib/thumb/v6-m/libg_nano.a(lib_a-memcpy-stub.o)
                                         0x58 (size before relaxing)
 .comment       0x00000000000000ae       0x58 /usr/lib/gcc/arm-none-eabi/7.3.1/../../../arm-none-eabi/lib/thumb/v6-m/libg_nano.a(lib_a-memset.o)
 .comment       0x00000000000000ae       0x58 /usr/lib/gcc/arm-none-eabi/7.3.1/../../../arm-none-eabi/lib/thumb/v6-m/libg_nano.a(lib_a-strlen-stub.o)

.ARM.attributes
                0x0000000000000000       0x32
 .ARM.attributes
                0x0000000000000000       0x32 build/alliecat_candythecatacorn/flash_samd21.o
 .ARM.attributes
                0x0000000000000032       0x32 build/alliecat_candythecatacorn/init_samd21.o
 .ARM.attributes
                0x0000000000000064       0x32 build/alliecat_candythecatacorn/startup_samd21.o
 .ARM.attributes
                0x0000000000000096       0x32 build/alliecat_candythecatacorn/usart_sam_ba.o
 .ARM.attributes
                0x00000000000000c8       0x32 build/alliecat_candythecatacorn/utils.o
 .ARM.attributes
                0x00000000000000fa       0x32 build/alliecat_candythecatacorn/cdc_enumerate.o
 .ARM.attributes
                0x000000000000012c       0x32 build/alliecat_candythecatacorn/fat.o
 .ARM.attributes
                0x000000000000015e       0x32 build/alliecat_candythecatacorn/main.o
 .ARM.attributes
                0x0000000000000190       0x32 build/alliecat_candythecatacorn/msc.o
 .ARM.attributes
                0x00000000000001c2       0x32 build/alliecat_candythecatacorn/sam_ba_monitor.o
 .ARM.attributes
                0x00000000000001f4       0x2c /usr/lib/gcc/arm-none-eabi/7.3.1/../../../arm-none-eabi/lib/thumb/v6-m/libg_nano.a(lib_a-memcpy-stub.o)
 .ARM.attributes
                0x0000000000000220       0x2c /usr/lib/gcc/arm-none-eabi/7.3.1/../../../arm-none-eabi/lib/thumb/v6-m/libg_nano.a(lib_a-memset.o)
 .ARM.attributes
                0x000000000000024c       0x2c /usr/lib/gcc/arm-none-eabi/7.3.1/../../../arm-none-eabi/lib/thumb/v6-m/libg_nano.a(lib_a-strlen-stub.o)

.debug_frame    0x0000000000000000      0x8e8
 .debug_frame   0x0000000000000000       0xb4 build/alliecat_candythecatacorn/flash_samd21.o
 .debug_frame   0x00000000000000b4       0x68 build/alliecat_candythecatacorn/init_samd21.o
 .debug_frame   0x000000000000011c       0x4c build/alliecat_candythecatacorn/startup_samd21.o
 .debug_frame   0x0000000000000168      0x184 build/alliecat_candythecatacorn/usart_sam_ba.o
 .debug_frame   0x00000000000002ec      0x100 build/alliecat_candythecatacorn/utils.o
 .debug_frame   0x00000000000003ec      0x1d0 build/alliecat_candythecatacorn/cdc_enumerate.o
 .debug_frame   0x00000000000005bc       0x68 build/alliecat_candythecatacorn/fat.o
 .debug_frame   0x0000000000000624       0x34 build/alliecat_candythecatacorn/main.o
 .debug_frame   0x0000000000000658      0x170 build/alliecat_candythecatacorn/msc.o
 .debug_frame   0x00000000000007c8       0x98 build/alliecat_candythecatacorn/sam_ba_monitor.o
 .debug_frame   0x0000000000000860       0x30 /usr/lib/gcc/arm-none-eabi/7.3.1/../../../arm-none-eabi/lib/thumb/v6-m/libg_nano.a(lib_a-memcpy-stub.o)
 .debug_frame   0x0000000000000890       0x30 /usr/lib/gcc/arm-none-eabi/7.3.1/../../../arm-none-eabi/lib/thumb/v6-m/libg_nano.a(lib_a-memset.o)
 .debug_frame   0x00000000000008c0       0x28 /usr/lib/gcc/arm-none-eabi/7.3.1/../../../arm-none-eabi/lib/thumb/v6-m/libg_nano.a(lib_a-strlen-stub.o)

Cross Reference Table

Symbol                                            File
AC_Handler                                        build/alliecat_candythecatacorn/startup_samd21.o
ADC_Handler                                       build/alliecat_candythecatacorn/startup_samd21.o
AT91F_InitUSB                                     build/alliecat_candythecatacorn/cdc_enumerate.o
AT91F_USB_SendZlp                                 build/alliecat_candythecatacorn/cdc_enumerate.o
DAC_Handler                                       build/alliecat_candythecatacorn/startup_samd21.o
DMAC_Handler                                      build/alliecat_candythecatacorn/startup_samd21.o
Dummy_Handler                                     build/alliecat_candythecatacorn/startup_samd21.o
EIC_Handler                                       build/alliecat_candythecatacorn/startup_samd21.o
EVSYS_Handler                                     build/alliecat_candythecatacorn/startup_samd21.o
HardFault_Handler                                 build/alliecat_candythecatacorn/startup_samd21.o
I2S_Handler                                       build/alliecat_candythecatacorn/startup_samd21.o
NMI_Handler                                       build/alliecat_candythecatacorn/startup_samd21.o
NVMCTRL_Handler                                   build/alliecat_candythecatacorn/startup_samd21.o
PM_Handler                                        build/alliecat_candythecatacorn/startup_samd21.o
PTC_Handler                                       build/alliecat_candythecatacorn/startup_samd21.o
PendSV_Handler                                    build/alliecat_candythecatacorn/startup_samd21.o
RGBLED_set_color                                  build/alliecat_candythecatacorn/utils.o
                                                  build/alliecat_candythecatacorn/sam_ba_monitor.o
                                                  build/alliecat_candythecatacorn/main.o
RTC_Handler                                       build/alliecat_candythecatacorn/startup_samd21.o
Reset_Handler                                     build/alliecat_candythecatacorn/startup_samd21.o
SERCOM0_Handler                                   build/alliecat_candythecatacorn/startup_samd21.o
SERCOM1_Handler                                   build/alliecat_candythecatacorn/startup_samd21.o
SERCOM2_Handler                                   build/alliecat_candythecatacorn/startup_samd21.o
SERCOM3_Handler                                   build/alliecat_candythecatacorn/startup_samd21.o
SVC_Handler                                       build/alliecat_candythecatacorn/startup_samd21.o
SYSCTRL_Handler                                   build/alliecat_candythecatacorn/startup_samd21.o
SysTick_Handler                                   build/alliecat_candythecatacorn/init_samd21.o
TC3_Handler                                       build/alliecat_candythecatacorn/startup_samd21.o
TC4_Handler                                       build/alliecat_candythecatacorn/startup_samd21.o
TC5_Handler                                       build/alliecat_candythecatacorn/startup_samd21.o
TCC0_Handler                                      build/alliecat_candythecatacorn/startup_samd21.o
TCC1_Handler                                      build/alliecat_candythecatacorn/startup_samd21.o
TCC2_Handler                                      build/alliecat_candythecatacorn/startup_samd21.o
USB_Handler                                       build/alliecat_candythecatacorn/startup_samd21.o
USB_Ok                                            build/alliecat_candythecatacorn/cdc_enumerate.o
                                                  build/alliecat_candythecatacorn/msc.o
                                                  build/alliecat_candythecatacorn/main.o
USB_Read                                          build/alliecat_candythecatacorn/cdc_enumerate.o
USB_ReadBlocking                                  build/alliecat_candythecatacorn/cdc_enumerate.o
                                                  build/alliecat_candythecatacorn/msc.o
USB_ReadCore                                      build/alliecat_candythecatacorn/cdc_enumerate.o
                                                  build/alliecat_candythecatacorn/msc.o
USB_Write                                         build/alliecat_candythecatacorn/cdc_enumerate.o
                                                  build/alliecat_candythecatacorn/msc.o
USB_WriteCore                                     build/alliecat_candythecatacorn/cdc_enumerate.o
                                                  build/alliecat_candythecatacorn/msc.o
WDT_Handler                                       build/alliecat_candythecatacorn/startup_samd21.o
_erelocate                                        build/alliecat_candythecatacorn/startup_samd21.o
_estack                                           build/alliecat_candythecatacorn/startup_samd21.o
_etext                                            build/alliecat_candythecatacorn/startup_samd21.o
_ezero                                            build/alliecat_candythecatacorn/startup_samd21.o
_sfixed                                           build/alliecat_candythecatacorn/startup_samd21.o
_srelocate                                        build/alliecat_candythecatacorn/startup_samd21.o
_szero                                            build/alliecat_candythecatacorn/startup_samd21.o
add_crc                                           build/alliecat_candythecatacorn/usart_sam_ba.o
                                                  build/alliecat_candythecatacorn/sam_ba_monitor.o
arrowLogo                                         build/alliecat_candythecatacorn/images.o
b_sam_ba_interface_usart                          build/alliecat_candythecatacorn/sam_ba_monitor.o
b_sharp_received                                  build/alliecat_candythecatacorn/usart_sam_ba.o
binfo                                             build/alliecat_candythecatacorn/msc.o
buffer_rx_usart                                   build/alliecat_candythecatacorn/usart_sam_ba.o
buffer_tx_usart                                   build/alliecat_candythecatacorn/usart_sam_ba.o
call_applet                                       build/alliecat_candythecatacorn/sam_ba_monitor.o
cdc_is_rx_ready                                   build/alliecat_candythecatacorn/cdc_enumerate.o
cdc_read_buf                                      build/alliecat_candythecatacorn/cdc_enumerate.o
                                                  build/alliecat_candythecatacorn/sam_ba_monitor.o
cdc_read_buf_xmd                                  build/alliecat_candythecatacorn/cdc_enumerate.o
                                                  build/alliecat_candythecatacorn/sam_ba_monitor.o
cdc_write_buf                                     build/alliecat_candythecatacorn/cdc_enumerate.o
                                                  build/alliecat_candythecatacorn/sam_ba_monitor.o
cdc_write_buf_xmd                                 build/alliecat_candythecatacorn/cdc_enumerate.o
                                                  build/alliecat_candythecatacorn/sam_ba_monitor.o
cfgDescriptor                                     build/alliecat_candythecatacorn/cdc_enumerate.o
command                                           build/alliecat_candythecatacorn/sam_ba_monitor.o
copy_words                                        build/alliecat_candythecatacorn/flash_samd21.o
ctrlOutCache                                      build/alliecat_candythecatacorn/cdc_enumerate.o
current_number                                    build/alliecat_candythecatacorn/sam_ba_monitor.o
data                                              build/alliecat_candythecatacorn/sam_ba_monitor.o
delay                                             build/alliecat_candythecatacorn/utils.o
                                                  build/alliecat_candythecatacorn/main.o
devDescriptor                                     build/alliecat_candythecatacorn/cdc_enumerate.o
endpointCache                                     build/alliecat_candythecatacorn/cdc_enumerate.o
error_timeout                                     build/alliecat_candythecatacorn/usart_sam_ba.o
exception_table                                   build/alliecat_candythecatacorn/startup_samd21.o
fileLogo                                          build/alliecat_candythecatacorn/images.o
flash_erase_row                                   build/alliecat_candythecatacorn/flash_samd21.o
flash_erase_to_end                                build/alliecat_candythecatacorn/flash_samd21.o
                                                  build/alliecat_candythecatacorn/sam_ba_monitor.o
flash_write                                       build/alliecat_candythecatacorn/flash_samd21.o
flash_write_row                                   build/alliecat_candythecatacorn/flash_samd21.o
                                                  build/alliecat_candythecatacorn/fat.o
flash_write_words                                 build/alliecat_candythecatacorn/flash_samd21.o
                                                  build/alliecat_candythecatacorn/sam_ba_monitor.o
font8                                             build/alliecat_candythecatacorn/images.o
g_interrupt_enabled                               build/alliecat_candythecatacorn/init_samd21.o
getPacket                                         build/alliecat_candythecatacorn/usart_sam_ba.o
handoverPrep                                      build/alliecat_candythecatacorn/msc.o
i                                                 build/alliecat_candythecatacorn/sam_ba_monitor.o
idx_rx_read                                       build/alliecat_candythecatacorn/usart_sam_ba.o
idx_rx_write                                      build/alliecat_candythecatacorn/usart_sam_ba.o
idx_tx_read                                       build/alliecat_candythecatacorn/usart_sam_ba.o
idx_tx_write                                      build/alliecat_candythecatacorn/usart_sam_ba.o
indexFile                                         build/alliecat_candythecatacorn/fat.o
infoUf2File                                       build/alliecat_candythecatacorn/fat.o
                                                  build/alliecat_candythecatacorn/msc.o
j                                                 build/alliecat_candythecatacorn/sam_ba_monitor.o
led_init                                          build/alliecat_candythecatacorn/utils.o
                                                  build/alliecat_candythecatacorn/main.o
led_signal                                        build/alliecat_candythecatacorn/utils.o
                                                  build/alliecat_candythecatacorn/sam_ba_monitor.o
                                                  build/alliecat_candythecatacorn/msc.o
led_tick                                          build/alliecat_candythecatacorn/utils.o
                                                  build/alliecat_candythecatacorn/init_samd21.o
led_tick_step                                     build/alliecat_candythecatacorn/utils.o
                                                  build/alliecat_candythecatacorn/main.o
length                                            build/alliecat_candythecatacorn/sam_ba_monitor.o
main                                              build/alliecat_candythecatacorn/main.o
                                                  build/alliecat_candythecatacorn/startup_samd21.o
memcpy                                            /usr/lib/gcc/arm-none-eabi/7.3.1/../../../arm-none-eabi/lib/thumb/v6-m/libg_nano.a(lib_a-memcpy-stub.o)
                                                  build/alliecat_candythecatacorn/sam_ba_monitor.o
                                                  build/alliecat_candythecatacorn/msc.o
                                                  build/alliecat_candythecatacorn/fat.o
                                                  build/alliecat_candythecatacorn/cdc_enumerate.o
memset                                            /usr/lib/gcc/arm-none-eabi/7.3.1/../../../arm-none-eabi/lib/thumb/v6-m/libg_nano.a(lib_a-memset.o)
                                                  build/alliecat_candythecatacorn/msc.o
                                                  build/alliecat_candythecatacorn/fat.o
                                                  build/alliecat_candythecatacorn/cdc_enumerate.o
mode_of_transfer                                  build/alliecat_candythecatacorn/usart_sam_ba.o
mscReset                                          build/alliecat_candythecatacorn/msc.o
msc_reset                                         build/alliecat_candythecatacorn/msc.o
padded_memcpy                                     build/alliecat_candythecatacorn/fat.o
                                                  build/alliecat_candythecatacorn/msc.o
panic                                             build/alliecat_candythecatacorn/utils.o
pendriveLogo                                      build/alliecat_candythecatacorn/images.o
process_msc                                       build/alliecat_candythecatacorn/msc.o
                                                  build/alliecat_candythecatacorn/sam_ba_monitor.o
ptr                                               build/alliecat_candythecatacorn/sam_ba_monitor.o
ptr_data                                          build/alliecat_candythecatacorn/sam_ba_monitor.o
put_uint32                                        build/alliecat_candythecatacorn/sam_ba_monitor.o
read_block                                        build/alliecat_candythecatacorn/fat.o
                                                  build/alliecat_candythecatacorn/msc.o
resetHorizon                                      build/alliecat_candythecatacorn/utils.o
                                                  build/alliecat_candythecatacorn/main.o
                                                  build/alliecat_candythecatacorn/fat.o
resetIntoApp                                      build/alliecat_candythecatacorn/utils.o
                                                  build/alliecat_candythecatacorn/msc.o
resetIntoBootloader                               build/alliecat_candythecatacorn/utils.o
                                                  build/alliecat_candythecatacorn/msc.o
reset_ep                                          build/alliecat_candythecatacorn/cdc_enumerate.o
                                                  build/alliecat_candythecatacorn/msc.o
sam_ba_monitor_init                               build/alliecat_candythecatacorn/sam_ba_monitor.o
sam_ba_monitor_run                                build/alliecat_candythecatacorn/sam_ba_monitor.o
                                                  build/alliecat_candythecatacorn/main.o
sam_ba_putdata_term                               build/alliecat_candythecatacorn/sam_ba_monitor.o
size_of_data                                      build/alliecat_candythecatacorn/usart_sam_ba.o
sp                                                build/alliecat_candythecatacorn/sam_ba_monitor.o
stall_ep                                          build/alliecat_candythecatacorn/cdc_enumerate.o
                                                  build/alliecat_candythecatacorn/msc.o
strlen                                            /usr/lib/gcc/arm-none-eabi/7.3.1/../../../arm-none-eabi/lib/thumb/v6-m/libg_nano.a(lib_a-strlen-stub.o)
                                                  build/alliecat_candythecatacorn/fat.o
                                                  build/alliecat_candythecatacorn/cdc_enumerate.o
system_init                                       build/alliecat_candythecatacorn/init_samd21.o
                                                  build/alliecat_candythecatacorn/main.o
timerHigh                                         build/alliecat_candythecatacorn/utils.o
                                                  build/alliecat_candythecatacorn/main.o
                                                  build/alliecat_candythecatacorn/fat.o
timerTick                                         build/alliecat_candythecatacorn/utils.o
                                                  build/alliecat_candythecatacorn/cdc_enumerate.o
try_read_cbw                                      build/alliecat_candythecatacorn/msc.o
u32tmp                                            build/alliecat_candythecatacorn/sam_ba_monitor.o
uart_basic_init                                   build/alliecat_candythecatacorn/uart_driver.o
                                                  build/alliecat_candythecatacorn/usart_sam_ba.o
uart_disable                                      build/alliecat_candythecatacorn/uart_driver.o
                                                  build/alliecat_candythecatacorn/usart_sam_ba.o
uart_drv_error_flag                               build/alliecat_candythecatacorn/uart_driver.o
uart_get_sercom_index                             build/alliecat_candythecatacorn/uart_driver.o
                                                  build/alliecat_candythecatacorn/usart_sam_ba.o
uart_read_buffer_polled                           build/alliecat_candythecatacorn/uart_driver.o
uart_read_byte                                    build/alliecat_candythecatacorn/uart_driver.o
                                                  build/alliecat_candythecatacorn/usart_sam_ba.o
uart_write_buffer_polled                          build/alliecat_candythecatacorn/uart_driver.o
uart_write_byte                                   build/alliecat_candythecatacorn/uart_driver.o
                                                  build/alliecat_candythecatacorn/usart_sam_ba.o
udd_ep_set_halt                                   build/alliecat_candythecatacorn/msc.o
udi_msc_csw_send                                  build/alliecat_candythecatacorn/msc.o
usart_close                                       build/alliecat_candythecatacorn/usart_sam_ba.o
usart_getc                                        build/alliecat_candythecatacorn/usart_sam_ba.o
usart_getdata                                     build/alliecat_candythecatacorn/usart_sam_ba.o
usart_getdata_xmd                                 build/alliecat_candythecatacorn/usart_sam_ba.o
usart_is_rx_ready                                 build/alliecat_candythecatacorn/usart_sam_ba.o
usart_open                                        build/alliecat_candythecatacorn/usart_sam_ba.o
usart_putc                                        build/alliecat_candythecatacorn/usart_sam_ba.o
usart_putdata                                     build/alliecat_candythecatacorn/usart_sam_ba.o
usart_putdata_xmd                                 build/alliecat_candythecatacorn/usart_sam_ba.o
usart_readc                                       build/alliecat_candythecatacorn/usart_sam_ba.o
usart_sharp_received                              build/alliecat_candythecatacorn/usart_sam_ba.o
usb_endpoint_table                                build/alliecat_candythecatacorn/cdc_enumerate.o
usb_init                                          build/alliecat_candythecatacorn/cdc_enumerate.o
                                                  build/alliecat_candythecatacorn/main.o
writeNum                                          build/alliecat_candythecatacorn/utils.o
                                                  build/alliecat_candythecatacorn/sam_ba_monitor.o
                                                  build/alliecat_candythecatacorn/cdc_enumerate.o
write_apa_byte                                    build/alliecat_candythecatacorn/utils.o
write_block                                       build/alliecat_candythecatacorn/fat.o
                                                  build/alliecat_candythecatacorn/msc.o
