Archive member included to satisfy reference by file (symbol)

/usr/lib/gcc/arm-none-eabi/7.3.1/../../../arm-none-eabi/lib/thumb/v6-m/libg_nano.a(lib_a-memcpy-stub.o)
                              build/alliecat_candythecatacorn/selfmain.o (memcpy)

Allocating common symbols
Common symbol       size              file

b_sharp_received    0x1               build/alliecat_candythecatacorn/usart_sam_ba.o
timerHigh           0x4               build/alliecat_candythecatacorn/utils.o
idx_rx_write        0x1               build/alliecat_candythecatacorn/usart_sam_ba.o
size_of_data        0x2               build/alliecat_candythecatacorn/usart_sam_ba.o
resetHorizon        0x4               build/alliecat_candythecatacorn/utils.o
idx_tx_read         0x1               build/alliecat_candythecatacorn/usart_sam_ba.o
buffer_tx_usart     0x80              build/alliecat_candythecatacorn/usart_sam_ba.o
error_timeout       0x1               build/alliecat_candythecatacorn/usart_sam_ba.o
mode_of_transfer    0x1               build/alliecat_candythecatacorn/usart_sam_ba.o
idx_rx_read         0x1               build/alliecat_candythecatacorn/usart_sam_ba.o
pageBuf             0x100             build/alliecat_candythecatacorn/selfmain.o
idx_tx_write        0x1               build/alliecat_candythecatacorn/usart_sam_ba.o
buffer_rx_usart     0x80              build/alliecat_candythecatacorn/usart_sam_ba.o

Discarded input sections

 .text          0x0000000000000000        0x0 build/alliecat_candythecatacorn/flash_samd21.o
 .data          0x0000000000000000        0x0 build/alliecat_candythecatacorn/flash_samd21.o
 .bss           0x0000000000000000        0x0 build/alliecat_candythecatacorn/flash_samd21.o
 .text.flash_erase_to_end
                0x0000000000000000       0x1c build/alliecat_candythecatacorn/flash_samd21.o
 .text.copy_words
                0x0000000000000000       0x14 build/alliecat_candythecatacorn/flash_samd21.o
 .text.flash_write
                0x0000000000000000       0x9c build/alliecat_candythecatacorn/flash_samd21.o
 .text          0x0000000000000000        0x0 build/alliecat_candythecatacorn/init_samd21.o
 .data          0x0000000000000000        0x0 build/alliecat_candythecatacorn/init_samd21.o
 .bss           0x0000000000000000        0x0 build/alliecat_candythecatacorn/init_samd21.o
 .data.g_interrupt_enabled
                0x0000000000000000        0x1 build/alliecat_candythecatacorn/init_samd21.o
 .text          0x0000000000000000        0x0 build/alliecat_candythecatacorn/startup_samd21.o
 .data          0x0000000000000000        0x0 build/alliecat_candythecatacorn/startup_samd21.o
 .bss           0x0000000000000000        0x0 build/alliecat_candythecatacorn/startup_samd21.o
 .text          0x0000000000000000        0x0 build/alliecat_candythecatacorn/usart_sam_ba.o
 .data          0x0000000000000000        0x0 build/alliecat_candythecatacorn/usart_sam_ba.o
 .bss           0x0000000000000000        0x0 build/alliecat_candythecatacorn/usart_sam_ba.o
 .text.usart_open
                0x0000000000000000       0xbc build/alliecat_candythecatacorn/usart_sam_ba.o
 .text.usart_close
                0x0000000000000000       0x10 build/alliecat_candythecatacorn/usart_sam_ba.o
 .text.usart_putc
                0x0000000000000000       0x14 build/alliecat_candythecatacorn/usart_sam_ba.o
 .text.usart_is_rx_ready
                0x0000000000000000       0x10 build/alliecat_candythecatacorn/usart_sam_ba.o
 .text.usart_getc
                0x0000000000000000       0x18 build/alliecat_candythecatacorn/usart_sam_ba.o
 .text.usart_sharp_received
                0x0000000000000000       0x1a build/alliecat_candythecatacorn/usart_sam_ba.o
 .text.usart_readc
                0x0000000000000000       0x20 build/alliecat_candythecatacorn/usart_sam_ba.o
 .text.usart_putdata
                0x0000000000000000       0x1a build/alliecat_candythecatacorn/usart_sam_ba.o
 .text.usart_getdata
                0x0000000000000000        0xe build/alliecat_candythecatacorn/usart_sam_ba.o
 .text.getbytes
                0x0000000000000000       0x60 build/alliecat_candythecatacorn/usart_sam_ba.o
 .text.getPacket
                0x0000000000000000       0x70 build/alliecat_candythecatacorn/usart_sam_ba.o
 .text.usart_putdata_xmd
                0x0000000000000000      0x10c build/alliecat_candythecatacorn/usart_sam_ba.o
 .text.usart_getdata_xmd
                0x0000000000000000       0xa4 build/alliecat_candythecatacorn/usart_sam_ba.o
 COMMON         0x0000000000000000      0x109 build/alliecat_candythecatacorn/usart_sam_ba.o
 .text          0x0000000000000000        0x0 build/alliecat_candythecatacorn/screen.o
 .data          0x0000000000000000        0x0 build/alliecat_candythecatacorn/screen.o
 .bss           0x0000000000000000        0x0 build/alliecat_candythecatacorn/screen.o
 .debug_info    0x0000000000000000      0x8e7 build/alliecat_candythecatacorn/screen.o
 .debug_abbrev  0x0000000000000000      0x197 build/alliecat_candythecatacorn/screen.o
 .debug_aranges
                0x0000000000000000       0x18 build/alliecat_candythecatacorn/screen.o
 .debug_line    0x0000000000000000      0x105 build/alliecat_candythecatacorn/screen.o
 .debug_str     0x0000000000000000      0x5f5 build/alliecat_candythecatacorn/screen.o
 .comment       0x0000000000000000       0x58 build/alliecat_candythecatacorn/screen.o
 .ARM.attributes
                0x0000000000000000       0x32 build/alliecat_candythecatacorn/screen.o
 .text          0x0000000000000000        0x0 build/alliecat_candythecatacorn/images.o
 .data          0x0000000000000000        0x0 build/alliecat_candythecatacorn/images.o
 .bss           0x0000000000000000        0x0 build/alliecat_candythecatacorn/images.o
 .rodata.arrowLogo
                0x0000000000000000       0x39 build/alliecat_candythecatacorn/images.o
 .rodata.fileLogo
                0x0000000000000000       0x4a build/alliecat_candythecatacorn/images.o
 .rodata.font8  0x0000000000000000      0x240 build/alliecat_candythecatacorn/images.o
 .rodata.pendriveLogo
                0x0000000000000000       0x3e build/alliecat_candythecatacorn/images.o
 .debug_info    0x0000000000000000      0x118 build/alliecat_candythecatacorn/images.o
 .debug_abbrev  0x0000000000000000       0x66 build/alliecat_candythecatacorn/images.o
 .debug_aranges
                0x0000000000000000       0x18 build/alliecat_candythecatacorn/images.o
 .debug_line    0x0000000000000000       0x82 build/alliecat_candythecatacorn/images.o
 .debug_str     0x0000000000000000      0x1e3 build/alliecat_candythecatacorn/images.o
 .comment       0x0000000000000000       0x58 build/alliecat_candythecatacorn/images.o
 .ARM.attributes
                0x0000000000000000       0x32 build/alliecat_candythecatacorn/images.o
 .text          0x0000000000000000        0x0 build/alliecat_candythecatacorn/utils.o
 .data          0x0000000000000000        0x0 build/alliecat_candythecatacorn/utils.o
 .bss           0x0000000000000000        0x0 build/alliecat_candythecatacorn/utils.o
 .text.writeNum
                0x0000000000000000       0x38 build/alliecat_candythecatacorn/utils.o
 .text.led_signal
                0x0000000000000000       0x2c build/alliecat_candythecatacorn/utils.o
 .text.timerTick
                0x0000000000000000       0x40 build/alliecat_candythecatacorn/utils.o
 .bss.timerLow  0x0000000000000000        0x4 build/alliecat_candythecatacorn/utils.o
 COMMON         0x0000000000000000        0x8 build/alliecat_candythecatacorn/utils.o
 .text          0x0000000000000000        0x0 build/alliecat_candythecatacorn/selfmain.o
 .data          0x0000000000000000        0x0 build/alliecat_candythecatacorn/selfmain.o
 .bss           0x0000000000000000        0x0 build/alliecat_candythecatacorn/selfmain.o
 .text          0x0000000000000000        0x0 build/alliecat_candythecatacorn/selfdata.o
 .data          0x0000000000000000        0x0 build/alliecat_candythecatacorn/selfdata.o
 .bss           0x0000000000000000        0x0 build/alliecat_candythecatacorn/selfdata.o
 .data          0x0000000000000000        0x0 /usr/lib/gcc/arm-none-eabi/7.3.1/../../../arm-none-eabi/lib/thumb/v6-m/libg_nano.a(lib_a-memcpy-stub.o)
 .bss           0x0000000000000000        0x0 /usr/lib/gcc/arm-none-eabi/7.3.1/../../../arm-none-eabi/lib/thumb/v6-m/libg_nano.a(lib_a-memcpy-stub.o)

Memory Configuration

Name             Origin             Length             Attributes
rom              0x0000000000002000 0x0000000000020000 xr
ram              0x0000000020000000 0x0000000000008000 xrw
*default*        0x0000000000000000 0xffffffffffffffff

Linker script and memory map

LOAD build/alliecat_candythecatacorn/flash_samd21.o
LOAD build/alliecat_candythecatacorn/init_samd21.o
LOAD build/alliecat_candythecatacorn/startup_samd21.o
LOAD build/alliecat_candythecatacorn/usart_sam_ba.o
LOAD build/alliecat_candythecatacorn/screen.o
LOAD build/alliecat_candythecatacorn/images.o
LOAD build/alliecat_candythecatacorn/utils.o
LOAD build/alliecat_candythecatacorn/selfmain.o
LOAD build/alliecat_candythecatacorn/selfdata.o
START GROUP
LOAD /usr/lib/gcc/arm-none-eabi/7.3.1/thumb/v6-m/libgcc.a
LOAD /usr/lib/gcc/arm-none-eabi/7.3.1/../../../arm-none-eabi/lib/thumb/v6-m/libg_nano.a
LOAD /usr/lib/gcc/arm-none-eabi/7.3.1/../../../arm-none-eabi/lib/thumb/v6-m/libc_nano.a
END GROUP
START GROUP
LOAD /usr/lib/gcc/arm-none-eabi/7.3.1/thumb/v6-m/libgcc.a
LOAD /usr/lib/gcc/arm-none-eabi/7.3.1/../../../arm-none-eabi/lib/thumb/v6-m/libc_nano.a
LOAD /usr/lib/gcc/arm-none-eabi/7.3.1/../../../arm-none-eabi/lib/thumb/v6-m/libnosys.a
END GROUP
START GROUP
LOAD /usr/lib/gcc/arm-none-eabi/7.3.1/thumb/v6-m/libgcc.a
LOAD /usr/lib/gcc/arm-none-eabi/7.3.1/../../../arm-none-eabi/lib/thumb/v6-m/libc_nano.a
LOAD /usr/lib/gcc/arm-none-eabi/7.3.1/../../../arm-none-eabi/lib/thumb/v6-m/libnosys.a
END GROUP
                0x0000000000002000                STACK_SIZE = DEFINED (STACK_SIZE)?STACK_SIZE:DEFINED (__stack_size__)?__stack_size__:0x2000

.text           0x0000000000002000     0x2704
                0x0000000000002000                . = ALIGN (0x4)
                0x0000000000002000                _sfixed = .
 *(.vectors .vectors.*)
 .vectors       0x0000000000002000       0xb4 build/alliecat_candythecatacorn/startup_samd21.o
                0x0000000000002000                exception_table
 *(.text .text.* .gnu.linkonce.t.*)
 .text.flash_erase_row
                0x00000000000020b4       0x28 build/alliecat_candythecatacorn/flash_samd21.o
                0x00000000000020b4                flash_erase_row
 .text.flash_write_words
                0x00000000000020dc       0x54 build/alliecat_candythecatacorn/flash_samd21.o
                0x00000000000020dc                flash_write_words
 .text.flash_write_row
                0x0000000000002130       0x2e build/alliecat_candythecatacorn/flash_samd21.o
                0x0000000000002130                flash_write_row
 *fill*         0x000000000000215e        0x2 
 .text.gclk_sync
                0x0000000000002160       0x10 build/alliecat_candythecatacorn/init_samd21.o
 .text.dfll_sync
                0x0000000000002170       0x10 build/alliecat_candythecatacorn/init_samd21.o
 .text.system_init
                0x0000000000002180       0xcc build/alliecat_candythecatacorn/init_samd21.o
                0x0000000000002180                system_init
 .text.SysTick_Handler
                0x000000000000224c        0x8 build/alliecat_candythecatacorn/init_samd21.o
                0x000000000000224c                SysTick_Handler
 .text.Dummy_Handler
                0x0000000000002254        0x2 build/alliecat_candythecatacorn/startup_samd21.o
                0x0000000000002254                DMAC_Handler
                0x0000000000002254                AC_Handler
                0x0000000000002254                PendSV_Handler
                0x0000000000002254                NMI_Handler
                0x0000000000002254                SERCOM1_Handler
                0x0000000000002254                ADC_Handler
                0x0000000000002254                TCC1_Handler
                0x0000000000002254                SERCOM2_Handler
                0x0000000000002254                TCC0_Handler
                0x0000000000002254                RTC_Handler
                0x0000000000002254                EIC_Handler
                0x0000000000002254                WDT_Handler
                0x0000000000002254                TC4_Handler
                0x0000000000002254                USB_Handler
                0x0000000000002254                TC3_Handler
                0x0000000000002254                Dummy_Handler
                0x0000000000002254                PM_Handler
                0x0000000000002254                SVC_Handler
                0x0000000000002254                TCC2_Handler
                0x0000000000002254                EVSYS_Handler
                0x0000000000002254                SERCOM3_Handler
                0x0000000000002254                I2S_Handler
                0x0000000000002254                NVMCTRL_Handler
                0x0000000000002254                SERCOM0_Handler
                0x0000000000002254                DAC_Handler
                0x0000000000002254                PTC_Handler
                0x0000000000002254                TC5_Handler
                0x0000000000002254                SYSCTRL_Handler
 .text.HardFault_Handler
                0x0000000000002256        0x2 build/alliecat_candythecatacorn/startup_samd21.o
                0x0000000000002256                HardFault_Handler
 .text.Reset_Handler
                0x0000000000002258       0xb0 build/alliecat_candythecatacorn/startup_samd21.o
                0x0000000000002258                Reset_Handler
 .text.add_crc  0x0000000000002308       0x54 build/alliecat_candythecatacorn/usart_sam_ba.o
                0x0000000000002308                add_crc
 .text.delay    0x000000000000235c       0x10 build/alliecat_candythecatacorn/utils.o
                0x000000000000235c                delay
 .text.panic    0x000000000000236c        0x2 build/alliecat_candythecatacorn/utils.o
                0x000000000000236c                panic
 *fill*         0x000000000000236e        0x2 
 .text.resetIntoBootloader
                0x0000000000002370       0x28 build/alliecat_candythecatacorn/utils.o
                0x0000000000002370                resetIntoBootloader
 .text.led_tick
                0x0000000000002398       0x80 build/alliecat_candythecatacorn/utils.o
                0x0000000000002398                led_tick
 .text.write_apa_byte
                0x0000000000002418       0x28 build/alliecat_candythecatacorn/utils.o
                0x0000000000002418                write_apa_byte
 .text.RGBLED_set_color
                0x0000000000002440       0x58 build/alliecat_candythecatacorn/utils.o
                0x0000000000002440                RGBLED_set_color
 .text.resetIntoApp
                0x0000000000002498       0x34 build/alliecat_candythecatacorn/utils.o
                0x0000000000002498                resetIntoApp
 .text.led_init
                0x00000000000024cc       0x24 build/alliecat_candythecatacorn/utils.o
                0x00000000000024cc                led_init
 .text.setBootProt
                0x00000000000024f0       0xbc build/alliecat_candythecatacorn/selfmain.o
                0x00000000000024f0                setBootProt
 .text.startup.main
                0x00000000000025ac       0xc0 build/alliecat_candythecatacorn/selfmain.o
                0x00000000000025ac                main
 .text          0x000000000000266c       0x88 /usr/lib/gcc/arm-none-eabi/7.3.1/../../../arm-none-eabi/lib/thumb/v6-m/libg_nano.a(lib_a-memcpy-stub.o)
                0x000000000000266c                memcpy
 *(.glue_7t)
 .glue_7t       0x00000000000026f4        0x0 linker stubs
 *(.glue_7)
 .glue_7        0x00000000000026f4        0x0 linker stubs
 *(.rodata .rodata* .gnu.linkonce.r.*)
 .rodata.bootloader
                0x00000000000026f4     0x2000 build/alliecat_candythecatacorn/selfdata.o
                0x00000000000026f4                bootloader
 .rodata.bootloader_crcs
                0x00000000000046f4       0x10 build/alliecat_candythecatacorn/selfdata.o
                0x00000000000046f4                bootloader_crcs
 *(.ARM.extab* .gnu.linkonce.armextab.*)
                0x0000000000004704                . = ALIGN (0x4)
 *(.init)
                0x0000000000004704                . = ALIGN (0x4)
                0x0000000000004704                __preinit_array_start = .
 *(.preinit_array)
                0x0000000000004704                __preinit_array_end = .
                0x0000000000004704                . = ALIGN (0x4)
                0x0000000000004704                __init_array_start = .
 *(SORT_BY_NAME(.init_array.*))
 *(.init_array)
                0x0000000000004704                __init_array_end = .
                0x0000000000004704                . = ALIGN (0x4)
 *crtbegin.o(.ctors)
 *(EXCLUDE_FILE(*crtend.o) .ctors)
 *(SORT_BY_NAME(.ctors.*))
 *crtend.o(.ctors)
                0x0000000000004704                . = ALIGN (0x4)
                0x0000000000004704                _efixed = .
                [!provide]                        PROVIDE (__exidx_start = .)

.vfp11_veneer   0x0000000000004704        0x0
 .vfp11_veneer  0x0000000000004704        0x0 linker stubs

.v4_bx          0x0000000000004704        0x0
 .v4_bx         0x0000000000004704        0x0 linker stubs

.iplt           0x0000000000004704        0x0
 .iplt          0x0000000000004704        0x0 build/alliecat_candythecatacorn/flash_samd21.o

.igot.plt       0x0000000000004704        0x0
 .igot.plt      0x0000000000004704        0x0 build/alliecat_candythecatacorn/flash_samd21.o

.rel.dyn        0x0000000000004704        0x0
 .rel.iplt      0x0000000000004704        0x0 build/alliecat_candythecatacorn/flash_samd21.o

.ARM.exidx
 *(.ARM.exidx* .gnu.linkonce.armexidx.*)
                [!provide]                        PROVIDE (__exidx_end = .)
                0x0000000000004704                . = ALIGN (0x4)
                0x0000000000004704                _etext = .

.relocate       0x0000000020000000        0x4 load address 0x0000000000004704
                0x0000000020000000                . = ALIGN (0x4)
                0x0000000020000000                _srelocate = .
 *(.ramfunc .ramfunc.*)
 *(.data .data.*)
 .data.led_tick_step
                0x0000000020000000        0x1 build/alliecat_candythecatacorn/utils.o
                0x0000000020000000                led_tick_step
 .data.limit    0x0000000020000001        0x1 build/alliecat_candythecatacorn/utils.o
                0x0000000020000004                . = ALIGN (0x4)
 *fill*         0x0000000020000002        0x2 
                0x0000000020000004                _erelocate = .

.bss            0x0000000020000004      0x308 load address 0x0000000000004708
                0x0000000020000004                . = ALIGN (0x4)
                0x0000000020000004                _sbss = .
                0x0000000020000004                _szero = .
 *(.bss .bss.*)
 .bss.crcCache  0x0000000020000004      0x200 build/alliecat_candythecatacorn/usart_sam_ba.o
 .bss.now       0x0000000020000204        0x4 build/alliecat_candythecatacorn/utils.o
 .bss.signal_end
                0x0000000020000208        0x4 build/alliecat_candythecatacorn/utils.o
 *(COMMON)
 COMMON         0x000000002000020c      0x100 build/alliecat_candythecatacorn/selfmain.o
                0x000000002000020c                pageBuf
                0x000000002000030c                . = ALIGN (0x4)
                0x000000002000030c                _ebss = .
                0x000000002000030c                _ezero = .

.stack          0x000000002000030c     0x2004 load address 0x0000000000004a10
                0x0000000020000310                . = ALIGN (0x8)
 *fill*         0x000000002000030c        0x4 
                0x0000000020000310                _sstack = .
                0x0000000020002310                . = (. + STACK_SIZE)
 *fill*         0x0000000020000310     0x2000 
                0x0000000020002310                . = ALIGN (0x8)
                0x0000000020002310                _estack = .
                0x0000000020002310                . = ALIGN (0x4)
                0x0000000020002310                _end = .
OUTPUT(build/alliecat_candythecatacorn/update-bootloader-alliecat_candythecatacorn-v3.4.0-65-gdf89a1f-dirty.elf elf32-littlearm)

.debug_info     0x0000000000000000     0xdedd
 .debug_info    0x0000000000000000      0xf9b build/alliecat_candythecatacorn/flash_samd21.o
 .debug_info    0x0000000000000f9b     0x231e build/alliecat_candythecatacorn/init_samd21.o
 .debug_info    0x00000000000032b9     0x35c5 build/alliecat_candythecatacorn/startup_samd21.o
 .debug_info    0x000000000000687e     0x3cf9 build/alliecat_candythecatacorn/usart_sam_ba.o
 .debug_info    0x000000000000a577     0x1378 build/alliecat_candythecatacorn/utils.o
 .debug_info    0x000000000000b8ef     0x16cf build/alliecat_candythecatacorn/selfmain.o
 .debug_info    0x000000000000cfbe       0xe9 build/alliecat_candythecatacorn/selfdata.o
 .debug_info    0x000000000000d0a7      0xe36 /usr/lib/gcc/arm-none-eabi/7.3.1/../../../arm-none-eabi/lib/thumb/v6-m/libg_nano.a(lib_a-memcpy-stub.o)

.debug_abbrev   0x0000000000000000     0x15a7
 .debug_abbrev  0x0000000000000000      0x2c1 build/alliecat_candythecatacorn/flash_samd21.o
 .debug_abbrev  0x00000000000002c1      0x32c build/alliecat_candythecatacorn/init_samd21.o
 .debug_abbrev  0x00000000000005ed      0x25b build/alliecat_candythecatacorn/startup_samd21.o
 .debug_abbrev  0x0000000000000848      0x48b build/alliecat_candythecatacorn/usart_sam_ba.o
 .debug_abbrev  0x0000000000000cd3      0x371 build/alliecat_candythecatacorn/utils.o
 .debug_abbrev  0x0000000000001044      0x335 build/alliecat_candythecatacorn/selfmain.o
 .debug_abbrev  0x0000000000001379       0x7a build/alliecat_candythecatacorn/selfdata.o
 .debug_abbrev  0x00000000000013f3      0x1b4 /usr/lib/gcc/arm-none-eabi/7.3.1/../../../arm-none-eabi/lib/thumb/v6-m/libg_nano.a(lib_a-memcpy-stub.o)

.debug_loc      0x0000000000000000     0x12ba
 .debug_loc     0x0000000000000000      0x3a6 build/alliecat_candythecatacorn/flash_samd21.o
 .debug_loc     0x00000000000003a6       0x78 build/alliecat_candythecatacorn/init_samd21.o
 .debug_loc     0x000000000000041e       0x2b build/alliecat_candythecatacorn/startup_samd21.o
 .debug_loc     0x0000000000000449      0x7d4 build/alliecat_candythecatacorn/usart_sam_ba.o
 .debug_loc     0x0000000000000c1d      0x18f build/alliecat_candythecatacorn/utils.o
 .debug_loc     0x0000000000000dac      0x1d3 build/alliecat_candythecatacorn/selfmain.o
 .debug_loc     0x0000000000000f7f      0x33b /usr/lib/gcc/arm-none-eabi/7.3.1/../../../arm-none-eabi/lib/thumb/v6-m/libg_nano.a(lib_a-memcpy-stub.o)

.debug_aranges  0x0000000000000000      0x208
 .debug_aranges
                0x0000000000000000       0x48 build/alliecat_candythecatacorn/flash_samd21.o
 .debug_aranges
                0x0000000000000048       0x38 build/alliecat_candythecatacorn/init_samd21.o
 .debug_aranges
                0x0000000000000080       0x30 build/alliecat_candythecatacorn/startup_samd21.o
 .debug_aranges
                0x00000000000000b0       0x88 build/alliecat_candythecatacorn/usart_sam_ba.o
 .debug_aranges
                0x0000000000000138       0x70 build/alliecat_candythecatacorn/utils.o
 .debug_aranges
                0x00000000000001a8       0x28 build/alliecat_candythecatacorn/selfmain.o
 .debug_aranges
                0x00000000000001d0       0x18 build/alliecat_candythecatacorn/selfdata.o
 .debug_aranges
                0x00000000000001e8       0x20 /usr/lib/gcc/arm-none-eabi/7.3.1/../../../arm-none-eabi/lib/thumb/v6-m/libg_nano.a(lib_a-memcpy-stub.o)

.debug_ranges   0x0000000000000000      0x218
 .debug_ranges  0x0000000000000000       0x70 build/alliecat_candythecatacorn/flash_samd21.o
 .debug_ranges  0x0000000000000070       0x48 build/alliecat_candythecatacorn/init_samd21.o
 .debug_ranges  0x00000000000000b8       0x20 build/alliecat_candythecatacorn/startup_samd21.o
 .debug_ranges  0x00000000000000d8       0x78 build/alliecat_candythecatacorn/usart_sam_ba.o
 .debug_ranges  0x0000000000000150       0xb0 build/alliecat_candythecatacorn/utils.o
 .debug_ranges  0x0000000000000200       0x18 build/alliecat_candythecatacorn/selfmain.o

.debug_line     0x0000000000000000     0x11ff
 .debug_line    0x0000000000000000      0x23c build/alliecat_candythecatacorn/flash_samd21.o
 .debug_line    0x000000000000023c      0x245 build/alliecat_candythecatacorn/init_samd21.o
 .debug_line    0x0000000000000481      0x19c build/alliecat_candythecatacorn/startup_samd21.o
 .debug_line    0x000000000000061d      0x3d2 build/alliecat_candythecatacorn/usart_sam_ba.o
 .debug_line    0x00000000000009ef      0x306 build/alliecat_candythecatacorn/utils.o
 .debug_line    0x0000000000000cf5      0x2b1 build/alliecat_candythecatacorn/selfmain.o
 .debug_line    0x0000000000000fa6       0xa0 build/alliecat_candythecatacorn/selfdata.o
 .debug_line    0x0000000000001046      0x1b9 /usr/lib/gcc/arm-none-eabi/7.3.1/../../../arm-none-eabi/lib/thumb/v6-m/libg_nano.a(lib_a-memcpy-stub.o)

.debug_str      0x0000000000000000     0x2efd
 .debug_str     0x0000000000000000      0x73d build/alliecat_candythecatacorn/flash_samd21.o
                                        0x82e (size before relaxing)
 .debug_str     0x000000000000073d      0x6da build/alliecat_candythecatacorn/init_samd21.o
                                        0xea4 (size before relaxing)
 .debug_str     0x0000000000000e17      0xed1 build/alliecat_candythecatacorn/startup_samd21.o
                                       0x1372 (size before relaxing)
 .debug_str     0x0000000000001ce8      0xc4f build/alliecat_candythecatacorn/usart_sam_ba.o
                                       0x13f9 (size before relaxing)
 .debug_str     0x0000000000002937       0xd7 build/alliecat_candythecatacorn/utils.o
                                        0x8a8 (size before relaxing)
 .debug_str     0x0000000000002a0e       0x7f build/alliecat_candythecatacorn/selfmain.o
                                        0xa2e (size before relaxing)
 .debug_str     0x0000000000002a8d       0x2b build/alliecat_candythecatacorn/selfdata.o
                                        0x20a (size before relaxing)
 .debug_str     0x0000000000002ab8      0x445 /usr/lib/gcc/arm-none-eabi/7.3.1/../../../arm-none-eabi/lib/thumb/v6-m/libg_nano.a(lib_a-memcpy-stub.o)
                                        0x918 (size before relaxing)

.comment        0x0000000000000000       0xae
 .comment       0x0000000000000000       0x57 build/alliecat_candythecatacorn/flash_samd21.o
                                         0x58 (size before relaxing)
 .comment       0x0000000000000057       0x58 build/alliecat_candythecatacorn/init_samd21.o
 .comment       0x0000000000000057       0x58 build/alliecat_candythecatacorn/startup_samd21.o
 .comment       0x0000000000000057       0x58 build/alliecat_candythecatacorn/usart_sam_ba.o
 .comment       0x0000000000000057       0x58 build/alliecat_candythecatacorn/utils.o
 .comment       0x0000000000000057       0x58 build/alliecat_candythecatacorn/selfmain.o
 .comment       0x0000000000000057       0x58 build/alliecat_candythecatacorn/selfdata.o
 .comment       0x0000000000000057       0x57 /usr/lib/gcc/arm-none-eabi/7.3.1/../../../arm-none-eabi/lib/thumb/v6-m/libg_nano.a(lib_a-memcpy-stub.o)
                                         0x58 (size before relaxing)

.ARM.attributes
                0x0000000000000000       0x32
 .ARM.attributes
                0x0000000000000000       0x32 build/alliecat_candythecatacorn/flash_samd21.o
 .ARM.attributes
                0x0000000000000032       0x32 build/alliecat_candythecatacorn/init_samd21.o
 .ARM.attributes
                0x0000000000000064       0x32 build/alliecat_candythecatacorn/startup_samd21.o
 .ARM.attributes
                0x0000000000000096       0x32 build/alliecat_candythecatacorn/usart_sam_ba.o
 .ARM.attributes
                0x00000000000000c8       0x32 build/alliecat_candythecatacorn/utils.o
 .ARM.attributes
                0x00000000000000fa       0x32 build/alliecat_candythecatacorn/selfmain.o
 .ARM.attributes
                0x000000000000012c       0x32 build/alliecat_candythecatacorn/selfdata.o
 .ARM.attributes
                0x000000000000015e       0x2c /usr/lib/gcc/arm-none-eabi/7.3.1/../../../arm-none-eabi/lib/thumb/v6-m/libg_nano.a(lib_a-memcpy-stub.o)

.debug_frame    0x0000000000000000      0x474
 .debug_frame   0x0000000000000000       0xb4 build/alliecat_candythecatacorn/flash_samd21.o
 .debug_frame   0x00000000000000b4       0x68 build/alliecat_candythecatacorn/init_samd21.o
 .debug_frame   0x000000000000011c       0x4c build/alliecat_candythecatacorn/startup_samd21.o
 .debug_frame   0x0000000000000168      0x184 build/alliecat_candythecatacorn/usart_sam_ba.o
 .debug_frame   0x00000000000002ec      0x100 build/alliecat_candythecatacorn/utils.o
 .debug_frame   0x00000000000003ec       0x58 build/alliecat_candythecatacorn/selfmain.o
 .debug_frame   0x0000000000000444       0x30 /usr/lib/gcc/arm-none-eabi/7.3.1/../../../arm-none-eabi/lib/thumb/v6-m/libg_nano.a(lib_a-memcpy-stub.o)

Cross Reference Table

Symbol                                            File
AC_Handler                                        build/alliecat_candythecatacorn/startup_samd21.o
ADC_Handler                                       build/alliecat_candythecatacorn/startup_samd21.o
DAC_Handler                                       build/alliecat_candythecatacorn/startup_samd21.o
DMAC_Handler                                      build/alliecat_candythecatacorn/startup_samd21.o
Dummy_Handler                                     build/alliecat_candythecatacorn/startup_samd21.o
EIC_Handler                                       build/alliecat_candythecatacorn/startup_samd21.o
EVSYS_Handler                                     build/alliecat_candythecatacorn/startup_samd21.o
HardFault_Handler                                 build/alliecat_candythecatacorn/startup_samd21.o
I2S_Handler                                       build/alliecat_candythecatacorn/startup_samd21.o
NMI_Handler                                       build/alliecat_candythecatacorn/startup_samd21.o
NVMCTRL_Handler                                   build/alliecat_candythecatacorn/startup_samd21.o
PM_Handler                                        build/alliecat_candythecatacorn/startup_samd21.o
PTC_Handler                                       build/alliecat_candythecatacorn/startup_samd21.o
PendSV_Handler                                    build/alliecat_candythecatacorn/startup_samd21.o
RGBLED_set_color                                  build/alliecat_candythecatacorn/utils.o
RTC_Handler                                       build/alliecat_candythecatacorn/startup_samd21.o
Reset_Handler                                     build/alliecat_candythecatacorn/startup_samd21.o
SERCOM0_Handler                                   build/alliecat_candythecatacorn/startup_samd21.o
SERCOM1_Handler                                   build/alliecat_candythecatacorn/startup_samd21.o
SERCOM2_Handler                                   build/alliecat_candythecatacorn/startup_samd21.o
SERCOM3_Handler                                   build/alliecat_candythecatacorn/startup_samd21.o
SVC_Handler                                       build/alliecat_candythecatacorn/startup_samd21.o
SYSCTRL_Handler                                   build/alliecat_candythecatacorn/startup_samd21.o
SysTick_Handler                                   build/alliecat_candythecatacorn/init_samd21.o
TC3_Handler                                       build/alliecat_candythecatacorn/startup_samd21.o
TC4_Handler                                       build/alliecat_candythecatacorn/startup_samd21.o
TC5_Handler                                       build/alliecat_candythecatacorn/startup_samd21.o
TCC0_Handler                                      build/alliecat_candythecatacorn/startup_samd21.o
TCC1_Handler                                      build/alliecat_candythecatacorn/startup_samd21.o
TCC2_Handler                                      build/alliecat_candythecatacorn/startup_samd21.o
USB_Handler                                       build/alliecat_candythecatacorn/startup_samd21.o
WDT_Handler                                       build/alliecat_candythecatacorn/startup_samd21.o
_erelocate                                        build/alliecat_candythecatacorn/startup_samd21.o
_estack                                           build/alliecat_candythecatacorn/startup_samd21.o
_etext                                            build/alliecat_candythecatacorn/startup_samd21.o
_ezero                                            build/alliecat_candythecatacorn/startup_samd21.o
_sfixed                                           build/alliecat_candythecatacorn/startup_samd21.o
_srelocate                                        build/alliecat_candythecatacorn/startup_samd21.o
_szero                                            build/alliecat_candythecatacorn/startup_samd21.o
add_crc                                           build/alliecat_candythecatacorn/usart_sam_ba.o
                                                  build/alliecat_candythecatacorn/selfmain.o
arrowLogo                                         build/alliecat_candythecatacorn/images.o
b_sharp_received                                  build/alliecat_candythecatacorn/usart_sam_ba.o
bootloader                                        build/alliecat_candythecatacorn/selfdata.o
                                                  build/alliecat_candythecatacorn/selfmain.o
bootloader_crcs                                   build/alliecat_candythecatacorn/selfdata.o
                                                  build/alliecat_candythecatacorn/selfmain.o
buffer_rx_usart                                   build/alliecat_candythecatacorn/usart_sam_ba.o
buffer_tx_usart                                   build/alliecat_candythecatacorn/usart_sam_ba.o
copy_words                                        build/alliecat_candythecatacorn/flash_samd21.o
delay                                             build/alliecat_candythecatacorn/utils.o
                                                  build/alliecat_candythecatacorn/selfmain.o
error_timeout                                     build/alliecat_candythecatacorn/usart_sam_ba.o
exception_table                                   build/alliecat_candythecatacorn/startup_samd21.o
fileLogo                                          build/alliecat_candythecatacorn/images.o
flash_erase_row                                   build/alliecat_candythecatacorn/flash_samd21.o
flash_erase_to_end                                build/alliecat_candythecatacorn/flash_samd21.o
flash_write                                       build/alliecat_candythecatacorn/flash_samd21.o
flash_write_row                                   build/alliecat_candythecatacorn/flash_samd21.o
                                                  build/alliecat_candythecatacorn/selfmain.o
flash_write_words                                 build/alliecat_candythecatacorn/flash_samd21.o
                                                  build/alliecat_candythecatacorn/selfmain.o
font8                                             build/alliecat_candythecatacorn/images.o
g_interrupt_enabled                               build/alliecat_candythecatacorn/init_samd21.o
getPacket                                         build/alliecat_candythecatacorn/usart_sam_ba.o
idx_rx_read                                       build/alliecat_candythecatacorn/usart_sam_ba.o
idx_rx_write                                      build/alliecat_candythecatacorn/usart_sam_ba.o
idx_tx_read                                       build/alliecat_candythecatacorn/usart_sam_ba.o
idx_tx_write                                      build/alliecat_candythecatacorn/usart_sam_ba.o
led_init                                          build/alliecat_candythecatacorn/utils.o
                                                  build/alliecat_candythecatacorn/selfmain.o
led_signal                                        build/alliecat_candythecatacorn/utils.o
led_tick                                          build/alliecat_candythecatacorn/utils.o
                                                  build/alliecat_candythecatacorn/init_samd21.o
led_tick_step                                     build/alliecat_candythecatacorn/utils.o
main                                              build/alliecat_candythecatacorn/selfmain.o
                                                  build/alliecat_candythecatacorn/startup_samd21.o
memcpy                                            /usr/lib/gcc/arm-none-eabi/7.3.1/../../../arm-none-eabi/lib/thumb/v6-m/libg_nano.a(lib_a-memcpy-stub.o)
                                                  build/alliecat_candythecatacorn/selfmain.o
mode_of_transfer                                  build/alliecat_candythecatacorn/usart_sam_ba.o
pageBuf                                           build/alliecat_candythecatacorn/selfmain.o
panic                                             build/alliecat_candythecatacorn/utils.o
                                                  build/alliecat_candythecatacorn/selfmain.o
pendriveLogo                                      build/alliecat_candythecatacorn/images.o
resetHorizon                                      build/alliecat_candythecatacorn/utils.o
resetIntoApp                                      build/alliecat_candythecatacorn/utils.o
                                                  build/alliecat_candythecatacorn/selfmain.o
resetIntoBootloader                               build/alliecat_candythecatacorn/utils.o
                                                  build/alliecat_candythecatacorn/selfmain.o
setBootProt                                       build/alliecat_candythecatacorn/selfmain.o
size_of_data                                      build/alliecat_candythecatacorn/usart_sam_ba.o
system_init                                       build/alliecat_candythecatacorn/init_samd21.o
                                                  build/alliecat_candythecatacorn/selfmain.o
timerHigh                                         build/alliecat_candythecatacorn/utils.o
timerTick                                         build/alliecat_candythecatacorn/utils.o
uart_basic_init                                   build/alliecat_candythecatacorn/usart_sam_ba.o
uart_disable                                      build/alliecat_candythecatacorn/usart_sam_ba.o
uart_get_sercom_index                             build/alliecat_candythecatacorn/usart_sam_ba.o
uart_read_byte                                    build/alliecat_candythecatacorn/usart_sam_ba.o
uart_write_byte                                   build/alliecat_candythecatacorn/usart_sam_ba.o
usart_close                                       build/alliecat_candythecatacorn/usart_sam_ba.o
usart_getc                                        build/alliecat_candythecatacorn/usart_sam_ba.o
usart_getdata                                     build/alliecat_candythecatacorn/usart_sam_ba.o
usart_getdata_xmd                                 build/alliecat_candythecatacorn/usart_sam_ba.o
usart_is_rx_ready                                 build/alliecat_candythecatacorn/usart_sam_ba.o
usart_open                                        build/alliecat_candythecatacorn/usart_sam_ba.o
usart_putc                                        build/alliecat_candythecatacorn/usart_sam_ba.o
usart_putdata                                     build/alliecat_candythecatacorn/usart_sam_ba.o
usart_putdata_xmd                                 build/alliecat_candythecatacorn/usart_sam_ba.o
usart_readc                                       build/alliecat_candythecatacorn/usart_sam_ba.o
usart_sharp_received                              build/alliecat_candythecatacorn/usart_sam_ba.o
writeNum                                          build/alliecat_candythecatacorn/utils.o
write_apa_byte                                    build/alliecat_candythecatacorn/utils.o
