Archive member included to satisfy reference by file (symbol)

/usr/lib/gcc/arm-none-eabi/7.3.1/thumb/v6-m/libgcc.a(_thumb1_case_uqi.o)
                              build/alliecat_meowmeowears/hid.o (__gnu_thumb1_case_uqi)
/usr/lib/gcc/arm-none-eabi/7.3.1/../../../arm-none-eabi/lib/thumb/v6-m/libg_nano.a(lib_a-memcpy-stub.o)
                              build/alliecat_meowmeowears/cdc_enumerate.o (memcpy)
/usr/lib/gcc/arm-none-eabi/7.3.1/../../../arm-none-eabi/lib/thumb/v6-m/libg_nano.a(lib_a-memset.o)
                              build/alliecat_meowmeowears/cdc_enumerate.o (memset)
/usr/lib/gcc/arm-none-eabi/7.3.1/../../../arm-none-eabi/lib/thumb/v6-m/libg_nano.a(lib_a-strlen-stub.o)
                              build/alliecat_meowmeowears/cdc_enumerate.o (strlen)

Allocating common symbols
Common symbol       size              file

b_sharp_received    0x1               build/alliecat_meowmeowears/usart_sam_ba.o
timerHigh           0x4               build/alliecat_meowmeowears/utils.o
j                   0x1               build/alliecat_meowmeowears/sam_ba_monitor.o
idx_rx_write        0x1               build/alliecat_meowmeowears/usart_sam_ba.o
size_of_data        0x2               build/alliecat_meowmeowears/usart_sam_ba.o
ctrlOutCache        0x44              build/alliecat_meowmeowears/cdc_enumerate.o
length              0x4               build/alliecat_meowmeowears/sam_ba_monitor.o
ptr                 0x4               build/alliecat_meowmeowears/sam_ba_monitor.o
command             0x1               build/alliecat_meowmeowears/sam_ba_monitor.o
resetHorizon        0x4               build/alliecat_meowmeowears/utils.o
idx_tx_read         0x1               build/alliecat_meowmeowears/usart_sam_ba.o
i                   0x4               build/alliecat_meowmeowears/sam_ba_monitor.o
buffer_tx_usart     0x80              build/alliecat_meowmeowears/usart_sam_ba.o
error_timeout       0x1               build/alliecat_meowmeowears/usart_sam_ba.o
usb_endpoint_table  0x100             build/alliecat_meowmeowears/cdc_enumerate.o
data                0x41              build/alliecat_meowmeowears/sam_ba_monitor.o
mode_of_transfer    0x1               build/alliecat_meowmeowears/usart_sam_ba.o
ptr_data            0x4               build/alliecat_meowmeowears/sam_ba_monitor.o
idx_rx_read         0x1               build/alliecat_meowmeowears/usart_sam_ba.o
sp                  0x4               build/alliecat_meowmeowears/sam_ba_monitor.o
current_number      0x4               build/alliecat_meowmeowears/sam_ba_monitor.o
idx_tx_write        0x1               build/alliecat_meowmeowears/usart_sam_ba.o
endpointCache       0x220             build/alliecat_meowmeowears/cdc_enumerate.o
u32tmp              0x4               build/alliecat_meowmeowears/sam_ba_monitor.o
buffer_rx_usart     0x80              build/alliecat_meowmeowears/usart_sam_ba.o

Discarded input sections

 .text          0x0000000000000000        0x0 build/alliecat_meowmeowears/flash_samd21.o
 .data          0x0000000000000000        0x0 build/alliecat_meowmeowears/flash_samd21.o
 .bss           0x0000000000000000        0x0 build/alliecat_meowmeowears/flash_samd21.o
 .text.flash_write
                0x0000000000000000       0x9c build/alliecat_meowmeowears/flash_samd21.o
 .text          0x0000000000000000        0x0 build/alliecat_meowmeowears/init_samd21.o
 .data          0x0000000000000000        0x0 build/alliecat_meowmeowears/init_samd21.o
 .bss           0x0000000000000000        0x0 build/alliecat_meowmeowears/init_samd21.o
 .data.g_interrupt_enabled
                0x0000000000000000        0x1 build/alliecat_meowmeowears/init_samd21.o
 .text          0x0000000000000000        0x0 build/alliecat_meowmeowears/startup_samd21.o
 .data          0x0000000000000000        0x0 build/alliecat_meowmeowears/startup_samd21.o
 .bss           0x0000000000000000        0x0 build/alliecat_meowmeowears/startup_samd21.o
 .text          0x0000000000000000        0x0 build/alliecat_meowmeowears/usart_sam_ba.o
 .data          0x0000000000000000        0x0 build/alliecat_meowmeowears/usart_sam_ba.o
 .bss           0x0000000000000000        0x0 build/alliecat_meowmeowears/usart_sam_ba.o
 .text.usart_open
                0x0000000000000000       0xbc build/alliecat_meowmeowears/usart_sam_ba.o
 .text.usart_close
                0x0000000000000000       0x10 build/alliecat_meowmeowears/usart_sam_ba.o
 .text.usart_putc
                0x0000000000000000       0x14 build/alliecat_meowmeowears/usart_sam_ba.o
 .text.usart_is_rx_ready
                0x0000000000000000       0x10 build/alliecat_meowmeowears/usart_sam_ba.o
 .text.usart_getc
                0x0000000000000000       0x18 build/alliecat_meowmeowears/usart_sam_ba.o
 .text.usart_sharp_received
                0x0000000000000000       0x1a build/alliecat_meowmeowears/usart_sam_ba.o
 .text.usart_readc
                0x0000000000000000       0x20 build/alliecat_meowmeowears/usart_sam_ba.o
 .text.usart_putdata
                0x0000000000000000       0x1a build/alliecat_meowmeowears/usart_sam_ba.o
 .text.usart_getdata
                0x0000000000000000        0xe build/alliecat_meowmeowears/usart_sam_ba.o
 .text.getbytes
                0x0000000000000000       0x60 build/alliecat_meowmeowears/usart_sam_ba.o
 .text.getPacket
                0x0000000000000000       0x70 build/alliecat_meowmeowears/usart_sam_ba.o
 .text.usart_putdata_xmd
                0x0000000000000000      0x10c build/alliecat_meowmeowears/usart_sam_ba.o
 .text.usart_getdata_xmd
                0x0000000000000000       0xa4 build/alliecat_meowmeowears/usart_sam_ba.o
 COMMON         0x0000000000000000      0x109 build/alliecat_meowmeowears/usart_sam_ba.o
 .text          0x0000000000000000        0x0 build/alliecat_meowmeowears/screen.o
 .data          0x0000000000000000        0x0 build/alliecat_meowmeowears/screen.o
 .bss           0x0000000000000000        0x0 build/alliecat_meowmeowears/screen.o
 .debug_info    0x0000000000000000      0x8e7 build/alliecat_meowmeowears/screen.o
 .debug_abbrev  0x0000000000000000      0x197 build/alliecat_meowmeowears/screen.o
 .debug_aranges
                0x0000000000000000       0x18 build/alliecat_meowmeowears/screen.o
 .debug_line    0x0000000000000000      0x105 build/alliecat_meowmeowears/screen.o
 .debug_str     0x0000000000000000      0x5f5 build/alliecat_meowmeowears/screen.o
 .comment       0x0000000000000000       0x58 build/alliecat_meowmeowears/screen.o
 .ARM.attributes
                0x0000000000000000       0x32 build/alliecat_meowmeowears/screen.o
 .text          0x0000000000000000        0x0 build/alliecat_meowmeowears/images.o
 .data          0x0000000000000000        0x0 build/alliecat_meowmeowears/images.o
 .bss           0x0000000000000000        0x0 build/alliecat_meowmeowears/images.o
 .rodata.arrowLogo
                0x0000000000000000       0x39 build/alliecat_meowmeowears/images.o
 .rodata.fileLogo
                0x0000000000000000       0x4a build/alliecat_meowmeowears/images.o
 .rodata.font8  0x0000000000000000      0x240 build/alliecat_meowmeowears/images.o
 .rodata.pendriveLogo
                0x0000000000000000       0x3e build/alliecat_meowmeowears/images.o
 .debug_info    0x0000000000000000      0x118 build/alliecat_meowmeowears/images.o
 .debug_abbrev  0x0000000000000000       0x66 build/alliecat_meowmeowears/images.o
 .debug_aranges
                0x0000000000000000       0x18 build/alliecat_meowmeowears/images.o
 .debug_line    0x0000000000000000       0x82 build/alliecat_meowmeowears/images.o
 .debug_str     0x0000000000000000      0x1e3 build/alliecat_meowmeowears/images.o
 .comment       0x0000000000000000       0x58 build/alliecat_meowmeowears/images.o
 .ARM.attributes
                0x0000000000000000       0x32 build/alliecat_meowmeowears/images.o
 .text          0x0000000000000000        0x0 build/alliecat_meowmeowears/utils.o
 .data          0x0000000000000000        0x0 build/alliecat_meowmeowears/utils.o
 .bss           0x0000000000000000        0x0 build/alliecat_meowmeowears/utils.o
 .text.panic    0x0000000000000000        0x2 build/alliecat_meowmeowears/utils.o
 .text          0x0000000000000000        0x0 build/alliecat_meowmeowears/cdc_enumerate.o
 .data          0x0000000000000000        0x0 build/alliecat_meowmeowears/cdc_enumerate.o
 .bss           0x0000000000000000        0x0 build/alliecat_meowmeowears/cdc_enumerate.o
 .text.reset_ep
                0x0000000000000000       0x24 build/alliecat_meowmeowears/cdc_enumerate.o
 .text.stall_ep
                0x0000000000000000       0x20 build/alliecat_meowmeowears/cdc_enumerate.o
 .text.cdc_is_rx_ready
                0x0000000000000000       0x20 build/alliecat_meowmeowears/cdc_enumerate.o
 .text          0x0000000000000000        0x0 build/alliecat_meowmeowears/fat.o
 .data          0x0000000000000000        0x0 build/alliecat_meowmeowears/fat.o
 .bss           0x0000000000000000        0x0 build/alliecat_meowmeowears/fat.o
 .text          0x0000000000000000        0x0 build/alliecat_meowmeowears/main.o
 .data          0x0000000000000000        0x0 build/alliecat_meowmeowears/main.o
 .bss           0x0000000000000000        0x0 build/alliecat_meowmeowears/main.o
 .text          0x0000000000000000        0x0 build/alliecat_meowmeowears/msc.o
 .data          0x0000000000000000        0x0 build/alliecat_meowmeowears/msc.o
 .bss           0x0000000000000000        0x0 build/alliecat_meowmeowears/msc.o
 .text.msc_reset
                0x0000000000000000       0x1c build/alliecat_meowmeowears/msc.o
 .text.udd_ep_set_halt
                0x0000000000000000       0x10 build/alliecat_meowmeowears/msc.o
 .bss.mscReset  0x0000000000000000        0x1 build/alliecat_meowmeowears/msc.o
 .text          0x0000000000000000        0x0 build/alliecat_meowmeowears/sam_ba_monitor.o
 .data          0x0000000000000000        0x0 build/alliecat_meowmeowears/sam_ba_monitor.o
 .bss           0x0000000000000000        0x0 build/alliecat_meowmeowears/sam_ba_monitor.o
 .text.sam_ba_monitor_init
                0x0000000000000000        0x2 build/alliecat_meowmeowears/sam_ba_monitor.o
 .text.sam_ba_putdata_term
                0x0000000000000000        0x8 build/alliecat_meowmeowears/sam_ba_monitor.o
 .text          0x0000000000000000        0x0 build/alliecat_meowmeowears/uart_driver.o
 .data          0x0000000000000000        0x0 build/alliecat_meowmeowears/uart_driver.o
 .bss           0x0000000000000000        0x0 build/alliecat_meowmeowears/uart_driver.o
 .text.uart_get_sercom_index
                0x0000000000000000       0x2c build/alliecat_meowmeowears/uart_driver.o
 .text.uart_basic_init
                0x0000000000000000       0x58 build/alliecat_meowmeowears/uart_driver.o
 .text.uart_disable
                0x0000000000000000       0x10 build/alliecat_meowmeowears/uart_driver.o
 .text.uart_write_byte
                0x0000000000000000        0xc build/alliecat_meowmeowears/uart_driver.o
 .text.uart_read_byte
                0x0000000000000000       0x28 build/alliecat_meowmeowears/uart_driver.o
 .text.uart_write_buffer_polled
                0x0000000000000000       0x20 build/alliecat_meowmeowears/uart_driver.o
 .text.uart_read_buffer_polled
                0x0000000000000000       0x3c build/alliecat_meowmeowears/uart_driver.o
 .rodata        0x0000000000000000       0x10 build/alliecat_meowmeowears/uart_driver.o
 .bss.uart_drv_error_flag
                0x0000000000000000        0x1 build/alliecat_meowmeowears/uart_driver.o
 .debug_info    0x0000000000000000     0x264d build/alliecat_meowmeowears/uart_driver.o
 .debug_abbrev  0x0000000000000000      0x2ad build/alliecat_meowmeowears/uart_driver.o
 .debug_loc     0x0000000000000000      0x135 build/alliecat_meowmeowears/uart_driver.o
 .debug_aranges
                0x0000000000000000       0x50 build/alliecat_meowmeowears/uart_driver.o
 .debug_ranges  0x0000000000000000       0x40 build/alliecat_meowmeowears/uart_driver.o
 .debug_line    0x0000000000000000      0x263 build/alliecat_meowmeowears/uart_driver.o
 .debug_str     0x0000000000000000      0xe0f build/alliecat_meowmeowears/uart_driver.o
 .comment       0x0000000000000000       0x58 build/alliecat_meowmeowears/uart_driver.o
 .debug_frame   0x0000000000000000       0xb0 build/alliecat_meowmeowears/uart_driver.o
 .ARM.attributes
                0x0000000000000000       0x32 build/alliecat_meowmeowears/uart_driver.o
 .text          0x0000000000000000        0x0 build/alliecat_meowmeowears/hid.o
 .data          0x0000000000000000        0x0 build/alliecat_meowmeowears/hid.o
 .bss           0x0000000000000000        0x0 build/alliecat_meowmeowears/hid.o
 .data          0x0000000000000000        0x0 /usr/lib/gcc/arm-none-eabi/7.3.1/thumb/v6-m/libgcc.a(_thumb1_case_uqi.o)
 .bss           0x0000000000000000        0x0 /usr/lib/gcc/arm-none-eabi/7.3.1/thumb/v6-m/libgcc.a(_thumb1_case_uqi.o)
 .data          0x0000000000000000        0x0 /usr/lib/gcc/arm-none-eabi/7.3.1/../../../arm-none-eabi/lib/thumb/v6-m/libg_nano.a(lib_a-memcpy-stub.o)
 .bss           0x0000000000000000        0x0 /usr/lib/gcc/arm-none-eabi/7.3.1/../../../arm-none-eabi/lib/thumb/v6-m/libg_nano.a(lib_a-memcpy-stub.o)
 .data          0x0000000000000000        0x0 /usr/lib/gcc/arm-none-eabi/7.3.1/../../../arm-none-eabi/lib/thumb/v6-m/libg_nano.a(lib_a-memset.o)
 .bss           0x0000000000000000        0x0 /usr/lib/gcc/arm-none-eabi/7.3.1/../../../arm-none-eabi/lib/thumb/v6-m/libg_nano.a(lib_a-memset.o)
 .data          0x0000000000000000        0x0 /usr/lib/gcc/arm-none-eabi/7.3.1/../../../arm-none-eabi/lib/thumb/v6-m/libg_nano.a(lib_a-strlen-stub.o)
 .bss           0x0000000000000000        0x0 /usr/lib/gcc/arm-none-eabi/7.3.1/../../../arm-none-eabi/lib/thumb/v6-m/libg_nano.a(lib_a-strlen-stub.o)

Memory Configuration

Name             Origin             Length             Attributes
rom              0x0000000000000000 0x0000000000002000 xr
ram              0x0000000020000000 0x0000000000008000 xrw
*default*        0x0000000000000000 0xffffffffffffffff

Linker script and memory map

LOAD build/alliecat_meowmeowears/flash_samd21.o
LOAD build/alliecat_meowmeowears/init_samd21.o
LOAD build/alliecat_meowmeowears/startup_samd21.o
LOAD build/alliecat_meowmeowears/usart_sam_ba.o
LOAD build/alliecat_meowmeowears/screen.o
LOAD build/alliecat_meowmeowears/images.o
LOAD build/alliecat_meowmeowears/utils.o
LOAD build/alliecat_meowmeowears/cdc_enumerate.o
LOAD build/alliecat_meowmeowears/fat.o
LOAD build/alliecat_meowmeowears/main.o
LOAD build/alliecat_meowmeowears/msc.o
LOAD build/alliecat_meowmeowears/sam_ba_monitor.o
LOAD build/alliecat_meowmeowears/uart_driver.o
LOAD build/alliecat_meowmeowears/hid.o
START GROUP
LOAD /usr/lib/gcc/arm-none-eabi/7.3.1/thumb/v6-m/libgcc.a
LOAD /usr/lib/gcc/arm-none-eabi/7.3.1/../../../arm-none-eabi/lib/thumb/v6-m/libg_nano.a
LOAD /usr/lib/gcc/arm-none-eabi/7.3.1/../../../arm-none-eabi/lib/thumb/v6-m/libc_nano.a
END GROUP
START GROUP
LOAD /usr/lib/gcc/arm-none-eabi/7.3.1/thumb/v6-m/libgcc.a
LOAD /usr/lib/gcc/arm-none-eabi/7.3.1/../../../arm-none-eabi/lib/thumb/v6-m/libc_nano.a
LOAD /usr/lib/gcc/arm-none-eabi/7.3.1/../../../arm-none-eabi/lib/thumb/v6-m/libnosys.a
END GROUP
START GROUP
LOAD /usr/lib/gcc/arm-none-eabi/7.3.1/thumb/v6-m/libgcc.a
LOAD /usr/lib/gcc/arm-none-eabi/7.3.1/../../../arm-none-eabi/lib/thumb/v6-m/libc_nano.a
LOAD /usr/lib/gcc/arm-none-eabi/7.3.1/../../../arm-none-eabi/lib/thumb/v6-m/libnosys.a
END GROUP
                0x0000000000002000                STACK_SIZE = DEFINED (STACK_SIZE)?STACK_SIZE:DEFINED (__stack_size__)?__stack_size__:0x2000

.text           0x0000000000000000     0x1df0
                0x0000000000000000                . = ALIGN (0x4)
                0x0000000000000000                _sfixed = .
 *(.vectors .vectors.*)
 .vectors       0x0000000000000000       0xb4 build/alliecat_meowmeowears/startup_samd21.o
                0x0000000000000000                exception_table
 *(.text .text.* .gnu.linkonce.t.*)
 .text.flash_erase_row
                0x00000000000000b4       0x28 build/alliecat_meowmeowears/flash_samd21.o
                0x00000000000000b4                flash_erase_row
 .text.flash_erase_to_end
                0x00000000000000dc       0x1c build/alliecat_meowmeowears/flash_samd21.o
                0x00000000000000dc                flash_erase_to_end
 .text.copy_words
                0x00000000000000f8       0x14 build/alliecat_meowmeowears/flash_samd21.o
                0x00000000000000f8                copy_words
 .text.flash_write_words
                0x000000000000010c       0x54 build/alliecat_meowmeowears/flash_samd21.o
                0x000000000000010c                flash_write_words
 .text.flash_write_row
                0x0000000000000160       0x2e build/alliecat_meowmeowears/flash_samd21.o
                0x0000000000000160                flash_write_row
 *fill*         0x000000000000018e        0x2 
 .text.gclk_sync
                0x0000000000000190       0x10 build/alliecat_meowmeowears/init_samd21.o
 .text.dfll_sync
                0x00000000000001a0       0x10 build/alliecat_meowmeowears/init_samd21.o
 .text.system_init
                0x00000000000001b0       0xcc build/alliecat_meowmeowears/init_samd21.o
                0x00000000000001b0                system_init
 .text.SysTick_Handler
                0x000000000000027c        0x8 build/alliecat_meowmeowears/init_samd21.o
                0x000000000000027c                SysTick_Handler
 .text.Dummy_Handler
                0x0000000000000284        0x2 build/alliecat_meowmeowears/startup_samd21.o
                0x0000000000000284                DMAC_Handler
                0x0000000000000284                AC_Handler
                0x0000000000000284                PendSV_Handler
                0x0000000000000284                NMI_Handler
                0x0000000000000284                SERCOM1_Handler
                0x0000000000000284                ADC_Handler
                0x0000000000000284                TCC1_Handler
                0x0000000000000284                SERCOM2_Handler
                0x0000000000000284                TCC0_Handler
                0x0000000000000284                RTC_Handler
                0x0000000000000284                EIC_Handler
                0x0000000000000284                WDT_Handler
                0x0000000000000284                TC4_Handler
                0x0000000000000284                USB_Handler
                0x0000000000000284                TC3_Handler
                0x0000000000000284                Dummy_Handler
                0x0000000000000284                PM_Handler
                0x0000000000000284                SVC_Handler
                0x0000000000000284                TCC2_Handler
                0x0000000000000284                EVSYS_Handler
                0x0000000000000284                SERCOM3_Handler
                0x0000000000000284                I2S_Handler
                0x0000000000000284                NVMCTRL_Handler
                0x0000000000000284                SERCOM0_Handler
                0x0000000000000284                DAC_Handler
                0x0000000000000284                PTC_Handler
                0x0000000000000284                TC5_Handler
                0x0000000000000284                SYSCTRL_Handler
 .text.HardFault_Handler
                0x0000000000000286        0x2 build/alliecat_meowmeowears/startup_samd21.o
                0x0000000000000286                HardFault_Handler
 .text.Reset_Handler
                0x0000000000000288       0xb0 build/alliecat_meowmeowears/startup_samd21.o
                0x0000000000000288                Reset_Handler
 .text.add_crc  0x0000000000000338       0x54 build/alliecat_meowmeowears/usart_sam_ba.o
                0x0000000000000338                add_crc
 .text.delay    0x000000000000038c       0x10 build/alliecat_meowmeowears/utils.o
                0x000000000000038c                delay
 .text.writeNum
                0x000000000000039c       0x38 build/alliecat_meowmeowears/utils.o
                0x000000000000039c                writeNum
 .text.resetIntoApp
                0x00000000000003d4       0x28 build/alliecat_meowmeowears/utils.o
                0x00000000000003d4                resetIntoApp
 .text.timerTick
                0x00000000000003fc       0x40 build/alliecat_meowmeowears/utils.o
                0x00000000000003fc                timerTick
 .text.resetIntoBootloader
                0x000000000000043c       0x28 build/alliecat_meowmeowears/utils.o
                0x000000000000043c                resetIntoBootloader
 .text.led_tick
                0x0000000000000464       0x80 build/alliecat_meowmeowears/utils.o
                0x0000000000000464                led_tick
 .text.led_signal
                0x00000000000004e4       0x2c build/alliecat_meowmeowears/utils.o
                0x00000000000004e4                led_signal
 .text.led_init
                0x0000000000000510       0x10 build/alliecat_meowmeowears/utils.o
                0x0000000000000510                led_init
 .text.RGBLED_set_color
                0x0000000000000520        0x2 build/alliecat_meowmeowears/utils.o
                0x0000000000000520                RGBLED_set_color
 *fill*         0x0000000000000522        0x2 
 .text.AT91F_InitUSB
                0x0000000000000524      0x108 build/alliecat_meowmeowears/cdc_enumerate.o
                0x0000000000000524                AT91F_InitUSB
 .text.USB_ReadCore
                0x000000000000062c       0xe0 build/alliecat_meowmeowears/cdc_enumerate.o
                0x000000000000062c                USB_ReadCore
 .text.USB_Read
                0x000000000000070c        0xa build/alliecat_meowmeowears/cdc_enumerate.o
                0x000000000000070c                USB_Read
 .text.USB_ReadBlocking
                0x0000000000000716       0x22 build/alliecat_meowmeowears/cdc_enumerate.o
                0x0000000000000716                USB_ReadBlocking
 .text.USB_WriteCore
                0x0000000000000738       0x94 build/alliecat_meowmeowears/cdc_enumerate.o
                0x0000000000000738                USB_WriteCore
 .text.USB_Write
                0x00000000000007cc        0xa build/alliecat_meowmeowears/cdc_enumerate.o
                0x00000000000007cc                USB_Write
 *fill*         0x00000000000007d6        0x2 
 .text.sendCtrl
                0x00000000000007d8       0x1c build/alliecat_meowmeowears/cdc_enumerate.o
 .text.AT91F_USB_SendZlp
                0x00000000000007f4       0x10 build/alliecat_meowmeowears/cdc_enumerate.o
                0x00000000000007f4                AT91F_USB_SendZlp
 .text.USB_Ok   0x0000000000000804      0x4ec build/alliecat_meowmeowears/cdc_enumerate.o
                0x0000000000000804                USB_Ok
 .text.usb_init
                0x0000000000000cf0       0x20 build/alliecat_meowmeowears/cdc_enumerate.o
                0x0000000000000cf0                usb_init
 .text.cdc_write_buf
                0x0000000000000d10        0xe build/alliecat_meowmeowears/cdc_enumerate.o
                0x0000000000000d10                cdc_write_buf
 .text.cdc_write_buf_xmd
                0x0000000000000d1e        0xe build/alliecat_meowmeowears/cdc_enumerate.o
                0x0000000000000d1e                cdc_write_buf_xmd
 .text.cdc_read_buf
                0x0000000000000d2c       0x1e build/alliecat_meowmeowears/cdc_enumerate.o
                0x0000000000000d2c                cdc_read_buf
 .text.cdc_read_buf_xmd
                0x0000000000000d4a       0x22 build/alliecat_meowmeowears/cdc_enumerate.o
                0x0000000000000d4a                cdc_read_buf_xmd
 .text.padded_memcpy
                0x0000000000000d6c       0x20 build/alliecat_meowmeowears/fat.o
                0x0000000000000d6c                padded_memcpy
 .text.read_block
                0x0000000000000d8c      0x178 build/alliecat_meowmeowears/fat.o
                0x0000000000000d8c                read_block
 .text.write_block
                0x0000000000000f04       0xe8 build/alliecat_meowmeowears/fat.o
                0x0000000000000f04                write_block
 .text.startup.main
                0x0000000000000fec      0x12c build/alliecat_meowmeowears/main.o
                0x0000000000000fec                main
 .text.udi_msc_clear_sense
                0x0000000000001118       0x1c build/alliecat_meowmeowears/msc.o
 .text.handover_flash
                0x0000000000001134       0x34 build/alliecat_meowmeowears/msc.o
 .text.try_read_cbw
                0x0000000000001168       0x2c build/alliecat_meowmeowears/msc.o
                0x0000000000001168                try_read_cbw
 .text.udi_msc_csw_send
                0x0000000000001194       0x14 build/alliecat_meowmeowears/msc.o
                0x0000000000001194                udi_msc_csw_send
 .text.udi_msc_csw_process
                0x00000000000011a8       0x38 build/alliecat_meowmeowears/msc.o
 .text.udi_msc_data_send
                0x00000000000011e0       0x6c build/alliecat_meowmeowears/msc.o
 .text.udi_msc_spc_mode_sense
                0x000000000000124c       0x70 build/alliecat_meowmeowears/msc.o
 .text.udi_msc_sbc_trans
                0x00000000000012bc       0xc8 build/alliecat_meowmeowears/msc.o
 .text.process_msc
                0x0000000000001384      0x140 build/alliecat_meowmeowears/msc.o
                0x0000000000001384                process_msc
 .text.handoverPrep
                0x00000000000014c4       0x24 build/alliecat_meowmeowears/msc.o
                0x00000000000014c4                handoverPrep
 .text.handover
                0x00000000000014e8       0xe4 build/alliecat_meowmeowears/msc.o
 .text.call_applet
                0x00000000000015cc       0x24 build/alliecat_meowmeowears/sam_ba_monitor.o
                0x00000000000015cc                call_applet
 .text.put_uint32
                0x00000000000015f0       0x16 build/alliecat_meowmeowears/sam_ba_monitor.o
                0x00000000000015f0                put_uint32
 *fill*         0x0000000000001606        0x2 
 .text.sam_ba_monitor_run
                0x0000000000001608      0x254 build/alliecat_meowmeowears/sam_ba_monitor.o
                0x0000000000001608                sam_ba_monitor_run
 .text.recv_hf2
                0x000000000000185c       0x56 build/alliecat_meowmeowears/hid.o
                0x000000000000185c                recv_hf2
 .text.send_hf2
                0x00000000000018b2       0x46 build/alliecat_meowmeowears/hid.o
                0x00000000000018b2                send_hf2
 .text.send_hf2_response
                0x00000000000018f8       0x14 build/alliecat_meowmeowears/hid.o
                0x00000000000018f8                send_hf2_response
 .text.process_core
                0x000000000000190c       0xf8 build/alliecat_meowmeowears/hid.o
                0x000000000000190c                process_core
 .text.process_hid
                0x0000000000001a04       0x28 build/alliecat_meowmeowears/hid.o
                0x0000000000001a04                process_hid
 .text.hidHandoverLoop
                0x0000000000001a2c       0x24 build/alliecat_meowmeowears/hid.o
                0x0000000000001a2c                hidHandoverLoop
 .text          0x0000000000001a50       0x14 /usr/lib/gcc/arm-none-eabi/7.3.1/thumb/v6-m/libgcc.a(_thumb1_case_uqi.o)
                0x0000000000001a50                __gnu_thumb1_case_uqi
 .text          0x0000000000001a64       0x88 /usr/lib/gcc/arm-none-eabi/7.3.1/../../../arm-none-eabi/lib/thumb/v6-m/libg_nano.a(lib_a-memcpy-stub.o)
                0x0000000000001a64                memcpy
 .text          0x0000000000001aec       0x9c /usr/lib/gcc/arm-none-eabi/7.3.1/../../../arm-none-eabi/lib/thumb/v6-m/libg_nano.a(lib_a-memset.o)
                0x0000000000001aec                memset
 .text          0x0000000000001b88       0x64 /usr/lib/gcc/arm-none-eabi/7.3.1/../../../arm-none-eabi/lib/thumb/v6-m/libg_nano.a(lib_a-strlen-stub.o)
                0x0000000000001b88                strlen
 *(.glue_7t)
 .glue_7t       0x0000000000001bec        0x0 linker stubs
 *(.glue_7)
 .glue_7        0x0000000000001bec        0x0 linker stubs
 *(.rodata .rodata* .gnu.linkonce.r.*)
 .rodata        0x0000000000001bec       0x10 build/alliecat_meowmeowears/cdc_enumerate.o
 .rodata.devDescriptor
                0x0000000000001bfc       0x12 build/alliecat_meowmeowears/cdc_enumerate.o
                0x0000000000001bfc                devDescriptor
 *fill*         0x0000000000001c0e        0x2 
 .rodata.hidDescriptor
                0x0000000000001c10       0x21 build/alliecat_meowmeowears/cdc_enumerate.o
                0x0000000000001c10                hidDescriptor
 .rodata.str1.1
                0x0000000000001c31       0x16 build/alliecat_meowmeowears/cdc_enumerate.o
 *fill*         0x0000000000001c47        0x1 
 .rodata.string_descriptors
                0x0000000000001c48       0x10 build/alliecat_meowmeowears/cdc_enumerate.o
 .rodata.BootBlock
                0x0000000000001c58       0x3e build/alliecat_meowmeowears/fat.o
 .rodata.indexFile
                0x0000000000001c96       0x80 build/alliecat_meowmeowears/fat.o
                0x0000000000001c96                indexFile
 *fill*         0x0000000000001d16        0x2 
 .rodata.info   0x0000000000001d18       0x30 build/alliecat_meowmeowears/fat.o
 .rodata.infoUf2File
                0x0000000000001d48       0x61 build/alliecat_meowmeowears/fat.o
                0x0000000000001d48                infoUf2File
 .rodata        0x0000000000001da9        0xc build/alliecat_meowmeowears/msc.o
 .rodata.process_msc.str1.1
                0x0000000000001db5        0xd build/alliecat_meowmeowears/msc.o
 .rodata.fullVersion
                0x0000000000001db5       0x2a build/alliecat_meowmeowears/sam_ba_monitor.o
 .rodata.sam_ba_monitor_run.str1.1
                0x0000000000001ddf       0x10 build/alliecat_meowmeowears/sam_ba_monitor.o
 *(.ARM.extab* .gnu.linkonce.armextab.*)
                0x0000000000001df0                . = ALIGN (0x4)
 *fill*         0x0000000000001def        0x1 
 *(.init)
                0x0000000000001df0                . = ALIGN (0x4)
                0x0000000000001df0                __preinit_array_start = .
 *(.preinit_array)
                0x0000000000001df0                __preinit_array_end = .
                0x0000000000001df0                . = ALIGN (0x4)
                0x0000000000001df0                __init_array_start = .
 *(SORT_BY_NAME(.init_array.*))
 *(.init_array)
                0x0000000000001df0                __init_array_end = .
                0x0000000000001df0                . = ALIGN (0x4)
 *crtbegin.o(.ctors)
 *(EXCLUDE_FILE(*crtend.o) .ctors)
 *(SORT_BY_NAME(.ctors.*))
 *crtend.o(.ctors)
                0x0000000000001df0                . = ALIGN (0x4)
                0x0000000000001df0                _efixed = .
                [!provide]                        PROVIDE (__exidx_start = .)

.vfp11_veneer   0x0000000000001df0        0x0
 .vfp11_veneer  0x0000000000001df0        0x0 linker stubs

.v4_bx          0x0000000000001df0        0x0
 .v4_bx         0x0000000000001df0        0x0 linker stubs

.iplt           0x0000000000001df0        0x0
 .iplt          0x0000000000001df0        0x0 build/alliecat_meowmeowears/flash_samd21.o

.igot.plt       0x0000000000001df0        0x0
 .igot.plt      0x0000000000001df0        0x0 build/alliecat_meowmeowears/flash_samd21.o

.rel.dyn        0x0000000000001df0        0x0
 .rel.iplt      0x0000000000001df0        0x0 build/alliecat_meowmeowears/flash_samd21.o

.ARM.exidx
 *(.ARM.exidx* .gnu.linkonce.armexidx.*)
                [!provide]                        PROVIDE (__exidx_end = .)
                0x0000000000001df0                . = ALIGN (0x4)
                0x0000000000001df0                _etext = .

.relocate       0x0000000020000000      0x1cc load address 0x0000000000001df0
                0x0000000020000000                . = ALIGN (0x4)
                0x0000000020000000                _srelocate = .
 *(.ramfunc .ramfunc.*)
 *(.data .data.*)
 .data.led_tick_step
                0x0000000020000000        0x1 build/alliecat_meowmeowears/utils.o
                0x0000000020000000                led_tick_step
 .data.limit    0x0000000020000001        0x1 build/alliecat_meowmeowears/utils.o
 *fill*         0x0000000020000002        0x2 
 .data.bosDescriptor
                0x0000000020000004       0x39 build/alliecat_meowmeowears/cdc_enumerate.o
 *fill*         0x000000002000003d        0x3 
 .data.cfgDescriptor
                0x0000000020000040       0x99 build/alliecat_meowmeowears/cdc_enumerate.o
                0x0000000020000040                cfgDescriptor
 *fill*         0x00000000200000d9        0x3 
 .data.hidCfgDescriptor
                0x00000000200000dc        0x9 build/alliecat_meowmeowears/cdc_enumerate.o
                0x00000000200000dc                hidCfgDescriptor
 *fill*         0x00000000200000e5        0x3 
 .data.line_coding
                0x00000000200000e8        0x8 build/alliecat_meowmeowears/cdc_enumerate.o
 .data.msOS20Descriptor
                0x00000000200000f0       0xaa build/alliecat_meowmeowears/cdc_enumerate.o
 .data.udi_msc_csw
                0x000000002000019a        0xd build/alliecat_meowmeowears/msc.o
 *fill*         0x00000000200001a7        0x1 
 .data.udi_msc_inquiry_data.12032
                0x00000000200001a8       0x24 build/alliecat_meowmeowears/msc.o
                0x00000000200001cc                . = ALIGN (0x4)
                0x00000000200001cc                _erelocate = .

.bss            0x00000000200001cc      0xc08 load address 0x0000000000001fbc
                0x00000000200001cc                . = ALIGN (0x4)
                0x00000000200001cc                _sbss = .
                0x00000000200001cc                _szero = .
 *(.bss .bss.*)
 .bss.crcCache  0x00000000200001cc      0x200 build/alliecat_meowmeowears/usart_sam_ba.o
 .bss.now       0x00000000200003cc        0x4 build/alliecat_meowmeowears/utils.o
 .bss.signal_end
                0x00000000200003d0        0x4 build/alliecat_meowmeowears/utils.o
 .bss.timerLow  0x00000000200003d4        0x4 build/alliecat_meowmeowears/utils.o
 .bss.currentConfiguration
                0x00000000200003d8        0x1 build/alliecat_meowmeowears/cdc_enumerate.o
 .bss.serial_number
                0x00000000200003d9       0x21 build/alliecat_meowmeowears/cdc_enumerate.o
 .bss.wLength   0x00000000200003fa        0x2 build/alliecat_meowmeowears/cdc_enumerate.o
 .bss.main_b_cdc_enable
                0x00000000200003fc        0x1 build/alliecat_meowmeowears/main.o
 *fill*         0x00000000200003fd        0x3 
 .bss.block_buffer
                0x0000000020000400      0x200 build/alliecat_meowmeowears/msc.o
 .bss.sense.12055
                0x0000000020000600       0x14 build/alliecat_meowmeowears/msc.o
 .bss.udi_msc_capacity.12065
                0x0000000020000614        0x8 build/alliecat_meowmeowears/msc.o
 .bss.udi_msc_cbw
                0x000000002000061c       0x1f build/alliecat_meowmeowears/msc.o
 .bss.udi_msc_sense
                0x000000002000063b       0x12 build/alliecat_meowmeowears/msc.o
 *fill*         0x000000002000064d        0x3 
 .bss.usbWriteState
                0x0000000020000650       0x98 build/alliecat_meowmeowears/msc.o
 .bss.b_sam_ba_interface_usart
                0x00000000200006e8        0x1 build/alliecat_meowmeowears/sam_ba_monitor.o
                0x00000000200006e8                b_sam_ba_interface_usart
 *fill*         0x00000000200006e9        0x3 
 .bss.src_buff_addr.11477
                0x00000000200006ec        0x4 build/alliecat_meowmeowears/sam_ba_monitor.o
 .bss.hidbufData
                0x00000000200006f0      0x188 build/alliecat_meowmeowears/hid.o
 .bss.webbufData
                0x0000000020000878      0x188 build/alliecat_meowmeowears/hid.o
 *(COMMON)
 COMMON         0x0000000020000a00        0x8 build/alliecat_meowmeowears/utils.o
                0x0000000020000a00                timerHigh
                0x0000000020000a04                resetHorizon
 COMMON         0x0000000020000a08      0x364 build/alliecat_meowmeowears/cdc_enumerate.o
                0x0000000020000a08                ctrlOutCache
                0x0000000020000a4c                usb_endpoint_table
                0x0000000020000b4c                endpointCache
 COMMON         0x0000000020000d6c       0x68 build/alliecat_meowmeowears/sam_ba_monitor.o
                0x0000000020000d6c                j
                0x0000000020000d70                length
                0x0000000020000d74                ptr
                0x0000000020000d78                command
                0x0000000020000d7c                i
                0x0000000020000d80                data
                0x0000000020000dc4                ptr_data
                0x0000000020000dc8                sp
                0x0000000020000dcc                current_number
                0x0000000020000dd0                u32tmp
                0x0000000020000dd4                . = ALIGN (0x4)
                0x0000000020000dd4                _ebss = .
                0x0000000020000dd4                _ezero = .

.stack          0x0000000020000dd4     0x2004 load address 0x0000000000002bc4
                0x0000000020000dd8                . = ALIGN (0x8)
 *fill*         0x0000000020000dd4        0x4 
                0x0000000020000dd8                _sstack = .
                0x0000000020002dd8                . = (. + STACK_SIZE)
 *fill*         0x0000000020000dd8     0x2000 
                0x0000000020002dd8                . = ALIGN (0x8)
                0x0000000020002dd8                _estack = .
                0x0000000020002dd8                . = ALIGN (0x4)
                0x0000000020002dd8                _end = .
                0x0000000000001ff0                _binfo_start = 0x1ff0

.binfo          0x0000000000001ff0       0x10
 *(.binfo)
 .binfo         0x0000000000001ff0       0x10 build/alliecat_meowmeowears/msc.o
                0x0000000000001ff0                binfo
OUTPUT(build/alliecat_meowmeowears/bootloader-alliecat_meowmeowears-v3.4.0-65-gdf89a1f-dirty.elf elf32-littlearm)

.debug_info     0x0000000000000000    0x1a371
 .debug_info    0x0000000000000000      0xf9b build/alliecat_meowmeowears/flash_samd21.o
 .debug_info    0x0000000000000f9b     0x231e build/alliecat_meowmeowears/init_samd21.o
 .debug_info    0x00000000000032b9     0x35c5 build/alliecat_meowmeowears/startup_samd21.o
 .debug_info    0x000000000000687e     0x3cf9 build/alliecat_meowmeowears/usart_sam_ba.o
 .debug_info    0x000000000000a577     0x121f build/alliecat_meowmeowears/utils.o
 .debug_info    0x000000000000b796     0x442a build/alliecat_meowmeowears/cdc_enumerate.o
 .debug_info    0x000000000000fbc0      0xfd5 build/alliecat_meowmeowears/fat.o
 .debug_info    0x0000000000010b95     0x1983 build/alliecat_meowmeowears/main.o
 .debug_info    0x0000000000012518     0x38b0 build/alliecat_meowmeowears/msc.o
 .debug_info    0x0000000000015dc8      0xdf6 build/alliecat_meowmeowears/sam_ba_monitor.o
 .debug_info    0x0000000000016bbe     0x125d build/alliecat_meowmeowears/hid.o
 .debug_info    0x0000000000017e1b       0x26 /usr/lib/gcc/arm-none-eabi/7.3.1/thumb/v6-m/libgcc.a(_thumb1_case_uqi.o)
 .debug_info    0x0000000000017e41      0xe36 /usr/lib/gcc/arm-none-eabi/7.3.1/../../../arm-none-eabi/lib/thumb/v6-m/libg_nano.a(lib_a-memcpy-stub.o)
 .debug_info    0x0000000000018c77      0xe1d /usr/lib/gcc/arm-none-eabi/7.3.1/../../../arm-none-eabi/lib/thumb/v6-m/libg_nano.a(lib_a-memset.o)
 .debug_info    0x0000000000019a94      0x8dd /usr/lib/gcc/arm-none-eabi/7.3.1/../../../arm-none-eabi/lib/thumb/v6-m/libg_nano.a(lib_a-strlen-stub.o)

.debug_abbrev   0x0000000000000000     0x2cd6
 .debug_abbrev  0x0000000000000000      0x2c1 build/alliecat_meowmeowears/flash_samd21.o
 .debug_abbrev  0x00000000000002c1      0x32c build/alliecat_meowmeowears/init_samd21.o
 .debug_abbrev  0x00000000000005ed      0x25b build/alliecat_meowmeowears/startup_samd21.o
 .debug_abbrev  0x0000000000000848      0x48b build/alliecat_meowmeowears/usart_sam_ba.o
 .debug_abbrev  0x0000000000000cd3      0x366 build/alliecat_meowmeowears/utils.o
 .debug_abbrev  0x0000000000001039      0x4da build/alliecat_meowmeowears/cdc_enumerate.o
 .debug_abbrev  0x0000000000001513      0x319 build/alliecat_meowmeowears/fat.o
 .debug_abbrev  0x000000000000182c      0x35d build/alliecat_meowmeowears/main.o
 .debug_abbrev  0x0000000000001b89      0x4fd build/alliecat_meowmeowears/msc.o
 .debug_abbrev  0x0000000000002086      0x386 build/alliecat_meowmeowears/sam_ba_monitor.o
 .debug_abbrev  0x000000000000240c      0x3d8 build/alliecat_meowmeowears/hid.o
 .debug_abbrev  0x00000000000027e4       0x14 /usr/lib/gcc/arm-none-eabi/7.3.1/thumb/v6-m/libgcc.a(_thumb1_case_uqi.o)
 .debug_abbrev  0x00000000000027f8      0x1b4 /usr/lib/gcc/arm-none-eabi/7.3.1/../../../arm-none-eabi/lib/thumb/v6-m/libg_nano.a(lib_a-memcpy-stub.o)
 .debug_abbrev  0x00000000000029ac      0x1a8 /usr/lib/gcc/arm-none-eabi/7.3.1/../../../arm-none-eabi/lib/thumb/v6-m/libg_nano.a(lib_a-memset.o)
 .debug_abbrev  0x0000000000002b54      0x182 /usr/lib/gcc/arm-none-eabi/7.3.1/../../../arm-none-eabi/lib/thumb/v6-m/libg_nano.a(lib_a-strlen-stub.o)

.debug_loc      0x0000000000000000     0x2e19
 .debug_loc     0x0000000000000000      0x3a6 build/alliecat_meowmeowears/flash_samd21.o
 .debug_loc     0x00000000000003a6       0x78 build/alliecat_meowmeowears/init_samd21.o
 .debug_loc     0x000000000000041e       0x2b build/alliecat_meowmeowears/startup_samd21.o
 .debug_loc     0x0000000000000449      0x7d4 build/alliecat_meowmeowears/usart_sam_ba.o
 .debug_loc     0x0000000000000c1d      0x143 build/alliecat_meowmeowears/utils.o
 .debug_loc     0x0000000000000d60      0xb1e build/alliecat_meowmeowears/cdc_enumerate.o
 .debug_loc     0x000000000000187e      0x4b7 build/alliecat_meowmeowears/fat.o
 .debug_loc     0x0000000000001d35       0x6e build/alliecat_meowmeowears/main.o
 .debug_loc     0x0000000000001da3      0x495 build/alliecat_meowmeowears/msc.o
 .debug_loc     0x0000000000002238      0x1d5 build/alliecat_meowmeowears/sam_ba_monitor.o
 .debug_loc     0x000000000000240d      0x498 build/alliecat_meowmeowears/hid.o
 .debug_loc     0x00000000000028a5      0x33b /usr/lib/gcc/arm-none-eabi/7.3.1/../../../arm-none-eabi/lib/thumb/v6-m/libg_nano.a(lib_a-memcpy-stub.o)
 .debug_loc     0x0000000000002be0      0x1a5 /usr/lib/gcc/arm-none-eabi/7.3.1/../../../arm-none-eabi/lib/thumb/v6-m/libg_nano.a(lib_a-memset.o)
 .debug_loc     0x0000000000002d85       0x94 /usr/lib/gcc/arm-none-eabi/7.3.1/../../../arm-none-eabi/lib/thumb/v6-m/libg_nano.a(lib_a-strlen-stub.o)

.debug_aranges  0x0000000000000000      0x410
 .debug_aranges
                0x0000000000000000       0x48 build/alliecat_meowmeowears/flash_samd21.o
 .debug_aranges
                0x0000000000000048       0x38 build/alliecat_meowmeowears/init_samd21.o
 .debug_aranges
                0x0000000000000080       0x30 build/alliecat_meowmeowears/startup_samd21.o
 .debug_aranges
                0x00000000000000b0       0x88 build/alliecat_meowmeowears/usart_sam_ba.o
 .debug_aranges
                0x0000000000000138       0x68 build/alliecat_meowmeowears/utils.o
 .debug_aranges
                0x00000000000001a0       0x98 build/alliecat_meowmeowears/cdc_enumerate.o
 .debug_aranges
                0x0000000000000238       0x30 build/alliecat_meowmeowears/fat.o
 .debug_aranges
                0x0000000000000268       0x20 build/alliecat_meowmeowears/main.o
 .debug_aranges
                0x0000000000000288       0x80 build/alliecat_meowmeowears/msc.o
 .debug_aranges
                0x0000000000000308       0x40 build/alliecat_meowmeowears/sam_ba_monitor.o
 .debug_aranges
                0x0000000000000348       0x48 build/alliecat_meowmeowears/hid.o
 .debug_aranges
                0x0000000000000390       0x20 /usr/lib/gcc/arm-none-eabi/7.3.1/thumb/v6-m/libgcc.a(_thumb1_case_uqi.o)
 .debug_aranges
                0x00000000000003b0       0x20 /usr/lib/gcc/arm-none-eabi/7.3.1/../../../arm-none-eabi/lib/thumb/v6-m/libg_nano.a(lib_a-memcpy-stub.o)
 .debug_aranges
                0x00000000000003d0       0x20 /usr/lib/gcc/arm-none-eabi/7.3.1/../../../arm-none-eabi/lib/thumb/v6-m/libg_nano.a(lib_a-memset.o)
 .debug_aranges
                0x00000000000003f0       0x20 /usr/lib/gcc/arm-none-eabi/7.3.1/../../../arm-none-eabi/lib/thumb/v6-m/libg_nano.a(lib_a-strlen-stub.o)

.debug_ranges   0x0000000000000000      0x580
 .debug_ranges  0x0000000000000000       0x70 build/alliecat_meowmeowears/flash_samd21.o
 .debug_ranges  0x0000000000000070       0x48 build/alliecat_meowmeowears/init_samd21.o
 .debug_ranges  0x00000000000000b8       0x20 build/alliecat_meowmeowears/startup_samd21.o
 .debug_ranges  0x00000000000000d8       0x78 build/alliecat_meowmeowears/usart_sam_ba.o
 .debug_ranges  0x0000000000000150       0x90 build/alliecat_meowmeowears/utils.o
 .debug_ranges  0x00000000000001e0       0xf0 build/alliecat_meowmeowears/cdc_enumerate.o
 .debug_ranges  0x00000000000002d0       0xc8 build/alliecat_meowmeowears/fat.o
 .debug_ranges  0x0000000000000398       0x28 build/alliecat_meowmeowears/main.o
 .debug_ranges  0x00000000000003c0       0xd8 build/alliecat_meowmeowears/msc.o
 .debug_ranges  0x0000000000000498       0x60 build/alliecat_meowmeowears/sam_ba_monitor.o
 .debug_ranges  0x00000000000004f8       0x88 build/alliecat_meowmeowears/hid.o

.debug_line     0x0000000000000000     0x24cb
 .debug_line    0x0000000000000000      0x23c build/alliecat_meowmeowears/flash_samd21.o
 .debug_line    0x000000000000023c      0x245 build/alliecat_meowmeowears/init_samd21.o
 .debug_line    0x0000000000000481      0x19c build/alliecat_meowmeowears/startup_samd21.o
 .debug_line    0x000000000000061d      0x3d2 build/alliecat_meowmeowears/usart_sam_ba.o
 .debug_line    0x00000000000009ef      0x2c4 build/alliecat_meowmeowears/utils.o
 .debug_line    0x0000000000000cb3      0x4af build/alliecat_meowmeowears/cdc_enumerate.o
 .debug_line    0x0000000000001162      0x29f build/alliecat_meowmeowears/fat.o
 .debug_line    0x0000000000001401      0x248 build/alliecat_meowmeowears/main.o
 .debug_line    0x0000000000001649      0x475 build/alliecat_meowmeowears/msc.o
 .debug_line    0x0000000000001abe      0x2a5 build/alliecat_meowmeowears/sam_ba_monitor.o
 .debug_line    0x0000000000001d63      0x250 build/alliecat_meowmeowears/hid.o
 .debug_line    0x0000000000001fb3       0x65 /usr/lib/gcc/arm-none-eabi/7.3.1/thumb/v6-m/libgcc.a(_thumb1_case_uqi.o)
 .debug_line    0x0000000000002018      0x1b9 /usr/lib/gcc/arm-none-eabi/7.3.1/../../../arm-none-eabi/lib/thumb/v6-m/libg_nano.a(lib_a-memcpy-stub.o)
 .debug_line    0x00000000000021d1      0x1b4 /usr/lib/gcc/arm-none-eabi/7.3.1/../../../arm-none-eabi/lib/thumb/v6-m/libg_nano.a(lib_a-memset.o)
 .debug_line    0x0000000000002385      0x146 /usr/lib/gcc/arm-none-eabi/7.3.1/../../../arm-none-eabi/lib/thumb/v6-m/libg_nano.a(lib_a-strlen-stub.o)

.debug_str      0x0000000000000000     0x4338
 .debug_str     0x0000000000000000      0x71d build/alliecat_meowmeowears/flash_samd21.o
                                        0x82e (size before relaxing)
 .debug_str     0x000000000000071d      0x6da build/alliecat_meowmeowears/init_samd21.o
                                        0xea4 (size before relaxing)
 .debug_str     0x0000000000000df7      0xed1 build/alliecat_meowmeowears/startup_samd21.o
                                       0x1372 (size before relaxing)
 .debug_str     0x0000000000001cc8      0xc48 build/alliecat_meowmeowears/usart_sam_ba.o
                                       0x13f9 (size before relaxing)
 .debug_str     0x0000000000002910       0xc3 build/alliecat_meowmeowears/utils.o
                                        0x899 (size before relaxing)
 .debug_str     0x00000000000029d3      0x43e build/alliecat_meowmeowears/cdc_enumerate.o
                                       0x1666 (size before relaxing)
 .debug_str     0x0000000000002e11      0x29f build/alliecat_meowmeowears/fat.o
                                        0x929 (size before relaxing)
 .debug_str     0x00000000000030b0       0x86 build/alliecat_meowmeowears/main.o
                                        0xb28 (size before relaxing)
 .debug_str     0x0000000000003136      0x9dc build/alliecat_meowmeowears/msc.o
                                       0x18ed (size before relaxing)
 .debug_str     0x0000000000003b12       0xa9 build/alliecat_meowmeowears/sam_ba_monitor.o
                                        0x7d2 (size before relaxing)
 .debug_str     0x0000000000003bbb      0x1ff build/alliecat_meowmeowears/hid.o
                                        0x914 (size before relaxing)
 .debug_str     0x0000000000003dba       0x77 /usr/lib/gcc/arm-none-eabi/7.3.1/thumb/v6-m/libgcc.a(_thumb1_case_uqi.o)
 .debug_str     0x0000000000003e31      0x43e /usr/lib/gcc/arm-none-eabi/7.3.1/../../../arm-none-eabi/lib/thumb/v6-m/libg_nano.a(lib_a-memcpy-stub.o)
                                        0x918 (size before relaxing)
 .debug_str     0x000000000000426f       0x8b /usr/lib/gcc/arm-none-eabi/7.3.1/../../../arm-none-eabi/lib/thumb/v6-m/libg_nano.a(lib_a-memset.o)
                                        0x8f3 (size before relaxing)
 .debug_str     0x00000000000042fa       0x3e /usr/lib/gcc/arm-none-eabi/7.3.1/../../../arm-none-eabi/lib/thumb/v6-m/libg_nano.a(lib_a-strlen-stub.o)
                                        0x5ef (size before relaxing)

.comment        0x0000000000000000       0xae
 .comment       0x0000000000000000       0x57 build/alliecat_meowmeowears/flash_samd21.o
                                         0x58 (size before relaxing)
 .comment       0x0000000000000057       0x58 build/alliecat_meowmeowears/init_samd21.o
 .comment       0x0000000000000057       0x58 build/alliecat_meowmeowears/startup_samd21.o
 .comment       0x0000000000000057       0x58 build/alliecat_meowmeowears/usart_sam_ba.o
 .comment       0x0000000000000057       0x58 build/alliecat_meowmeowears/utils.o
 .comment       0x0000000000000057       0x58 build/alliecat_meowmeowears/cdc_enumerate.o
 .comment       0x0000000000000057       0x58 build/alliecat_meowmeowears/fat.o
 .comment       0x0000000000000057       0x58 build/alliecat_meowmeowears/main.o
 .comment       0x0000000000000057       0x58 build/alliecat_meowmeowears/msc.o
 .comment       0x0000000000000057       0x58 build/alliecat_meowmeowears/sam_ba_monitor.o
 .comment       0x0000000000000057       0x58 build/alliecat_meowmeowears/hid.o
 .comment       0x0000000000000057       0x57 /usr/lib/gcc/arm-none-eabi/7.3.1/../../../arm-none-eabi/lib/thumb/v6-m/libg_nano.a(lib_a-memcpy-stub.o)
                                         0x58 (size before relaxing)
 .comment       0x00000000000000ae       0x58 /usr/lib/gcc/arm-none-eabi/7.3.1/../../../arm-none-eabi/lib/thumb/v6-m/libg_nano.a(lib_a-memset.o)
 .comment       0x00000000000000ae       0x58 /usr/lib/gcc/arm-none-eabi/7.3.1/../../../arm-none-eabi/lib/thumb/v6-m/libg_nano.a(lib_a-strlen-stub.o)

.ARM.attributes
                0x0000000000000000       0x32
 .ARM.attributes
                0x0000000000000000       0x32 build/alliecat_meowmeowears/flash_samd21.o
 .ARM.attributes
                0x0000000000000032       0x32 build/alliecat_meowmeowears/init_samd21.o
 .ARM.attributes
                0x0000000000000064       0x32 build/alliecat_meowmeowears/startup_samd21.o
 .ARM.attributes
                0x0000000000000096       0x32 build/alliecat_meowmeowears/usart_sam_ba.o
 .ARM.attributes
                0x00000000000000c8       0x32 build/alliecat_meowmeowears/utils.o
 .ARM.attributes
                0x00000000000000fa       0x32 build/alliecat_meowmeowears/cdc_enumerate.o
 .ARM.attributes
                0x000000000000012c       0x32 build/alliecat_meowmeowears/fat.o
 .ARM.attributes
                0x000000000000015e       0x32 build/alliecat_meowmeowears/main.o
 .ARM.attributes
                0x0000000000000190       0x32 build/alliecat_meowmeowears/msc.o
 .ARM.attributes
                0x00000000000001c2       0x32 build/alliecat_meowmeowears/sam_ba_monitor.o
 .ARM.attributes
                0x00000000000001f4       0x32 build/alliecat_meowmeowears/hid.o
 .ARM.attributes
                0x0000000000000226       0x1e /usr/lib/gcc/arm-none-eabi/7.3.1/thumb/v6-m/libgcc.a(_thumb1_case_uqi.o)
 .ARM.attributes
                0x0000000000000244       0x2c /usr/lib/gcc/arm-none-eabi/7.3.1/../../../arm-none-eabi/lib/thumb/v6-m/libg_nano.a(lib_a-memcpy-stub.o)
 .ARM.attributes
                0x0000000000000270       0x2c /usr/lib/gcc/arm-none-eabi/7.3.1/../../../arm-none-eabi/lib/thumb/v6-m/libg_nano.a(lib_a-memset.o)
 .ARM.attributes
                0x000000000000029c       0x2c /usr/lib/gcc/arm-none-eabi/7.3.1/../../../arm-none-eabi/lib/thumb/v6-m/libg_nano.a(lib_a-strlen-stub.o)

.debug_frame    0x0000000000000000      0x974
 .debug_frame   0x0000000000000000       0xb4 build/alliecat_meowmeowears/flash_samd21.o
 .debug_frame   0x00000000000000b4       0x68 build/alliecat_meowmeowears/init_samd21.o
 .debug_frame   0x000000000000011c       0x4c build/alliecat_meowmeowears/startup_samd21.o
 .debug_frame   0x0000000000000168      0x184 build/alliecat_meowmeowears/usart_sam_ba.o
 .debug_frame   0x00000000000002ec       0xcc build/alliecat_meowmeowears/utils.o
 .debug_frame   0x00000000000003b8      0x1d0 build/alliecat_meowmeowears/cdc_enumerate.o
 .debug_frame   0x0000000000000588       0x68 build/alliecat_meowmeowears/fat.o
 .debug_frame   0x00000000000005f0       0x34 build/alliecat_meowmeowears/main.o
 .debug_frame   0x0000000000000624      0x170 build/alliecat_meowmeowears/msc.o
 .debug_frame   0x0000000000000794       0x98 build/alliecat_meowmeowears/sam_ba_monitor.o
 .debug_frame   0x000000000000082c       0xc0 build/alliecat_meowmeowears/hid.o
 .debug_frame   0x00000000000008ec       0x30 /usr/lib/gcc/arm-none-eabi/7.3.1/../../../arm-none-eabi/lib/thumb/v6-m/libg_nano.a(lib_a-memcpy-stub.o)
 .debug_frame   0x000000000000091c       0x30 /usr/lib/gcc/arm-none-eabi/7.3.1/../../../arm-none-eabi/lib/thumb/v6-m/libg_nano.a(lib_a-memset.o)
 .debug_frame   0x000000000000094c       0x28 /usr/lib/gcc/arm-none-eabi/7.3.1/../../../arm-none-eabi/lib/thumb/v6-m/libg_nano.a(lib_a-strlen-stub.o)

Cross Reference Table

Symbol                                            File
AC_Handler                                        build/alliecat_meowmeowears/startup_samd21.o
ADC_Handler                                       build/alliecat_meowmeowears/startup_samd21.o
AT91F_InitUSB                                     build/alliecat_meowmeowears/cdc_enumerate.o
AT91F_USB_SendZlp                                 build/alliecat_meowmeowears/cdc_enumerate.o
DAC_Handler                                       build/alliecat_meowmeowears/startup_samd21.o
DMAC_Handler                                      build/alliecat_meowmeowears/startup_samd21.o
Dummy_Handler                                     build/alliecat_meowmeowears/startup_samd21.o
EIC_Handler                                       build/alliecat_meowmeowears/startup_samd21.o
EVSYS_Handler                                     build/alliecat_meowmeowears/startup_samd21.o
HardFault_Handler                                 build/alliecat_meowmeowears/startup_samd21.o
I2S_Handler                                       build/alliecat_meowmeowears/startup_samd21.o
NMI_Handler                                       build/alliecat_meowmeowears/startup_samd21.o
NVMCTRL_Handler                                   build/alliecat_meowmeowears/startup_samd21.o
PM_Handler                                        build/alliecat_meowmeowears/startup_samd21.o
PTC_Handler                                       build/alliecat_meowmeowears/startup_samd21.o
PendSV_Handler                                    build/alliecat_meowmeowears/startup_samd21.o
RGBLED_set_color                                  build/alliecat_meowmeowears/utils.o
                                                  build/alliecat_meowmeowears/sam_ba_monitor.o
                                                  build/alliecat_meowmeowears/main.o
RTC_Handler                                       build/alliecat_meowmeowears/startup_samd21.o
Reset_Handler                                     build/alliecat_meowmeowears/startup_samd21.o
SERCOM0_Handler                                   build/alliecat_meowmeowears/startup_samd21.o
SERCOM1_Handler                                   build/alliecat_meowmeowears/startup_samd21.o
SERCOM2_Handler                                   build/alliecat_meowmeowears/startup_samd21.o
SERCOM3_Handler                                   build/alliecat_meowmeowears/startup_samd21.o
SVC_Handler                                       build/alliecat_meowmeowears/startup_samd21.o
SYSCTRL_Handler                                   build/alliecat_meowmeowears/startup_samd21.o
SysTick_Handler                                   build/alliecat_meowmeowears/init_samd21.o
TC3_Handler                                       build/alliecat_meowmeowears/startup_samd21.o
TC4_Handler                                       build/alliecat_meowmeowears/startup_samd21.o
TC5_Handler                                       build/alliecat_meowmeowears/startup_samd21.o
TCC0_Handler                                      build/alliecat_meowmeowears/startup_samd21.o
TCC1_Handler                                      build/alliecat_meowmeowears/startup_samd21.o
TCC2_Handler                                      build/alliecat_meowmeowears/startup_samd21.o
USB_Handler                                       build/alliecat_meowmeowears/startup_samd21.o
USB_Ok                                            build/alliecat_meowmeowears/cdc_enumerate.o
                                                  build/alliecat_meowmeowears/msc.o
                                                  build/alliecat_meowmeowears/main.o
USB_Read                                          build/alliecat_meowmeowears/cdc_enumerate.o
USB_ReadBlocking                                  build/alliecat_meowmeowears/cdc_enumerate.o
                                                  build/alliecat_meowmeowears/msc.o
USB_ReadCore                                      build/alliecat_meowmeowears/cdc_enumerate.o
                                                  build/alliecat_meowmeowears/hid.o
                                                  build/alliecat_meowmeowears/msc.o
USB_Write                                         build/alliecat_meowmeowears/cdc_enumerate.o
                                                  build/alliecat_meowmeowears/msc.o
USB_WriteCore                                     build/alliecat_meowmeowears/cdc_enumerate.o
                                                  build/alliecat_meowmeowears/hid.o
                                                  build/alliecat_meowmeowears/msc.o
WDT_Handler                                       build/alliecat_meowmeowears/startup_samd21.o
__gnu_thumb1_case_uqi                             /usr/lib/gcc/arm-none-eabi/7.3.1/thumb/v6-m/libgcc.a(_thumb1_case_uqi.o)
                                                  build/alliecat_meowmeowears/hid.o
_erelocate                                        build/alliecat_meowmeowears/startup_samd21.o
_estack                                           build/alliecat_meowmeowears/startup_samd21.o
_etext                                            build/alliecat_meowmeowears/startup_samd21.o
_ezero                                            build/alliecat_meowmeowears/startup_samd21.o
_sfixed                                           build/alliecat_meowmeowears/startup_samd21.o
_srelocate                                        build/alliecat_meowmeowears/startup_samd21.o
_szero                                            build/alliecat_meowmeowears/startup_samd21.o
add_crc                                           build/alliecat_meowmeowears/usart_sam_ba.o
                                                  build/alliecat_meowmeowears/hid.o
                                                  build/alliecat_meowmeowears/sam_ba_monitor.o
arrowLogo                                         build/alliecat_meowmeowears/images.o
b_sam_ba_interface_usart                          build/alliecat_meowmeowears/sam_ba_monitor.o
b_sharp_received                                  build/alliecat_meowmeowears/usart_sam_ba.o
binfo                                             build/alliecat_meowmeowears/msc.o
buffer_rx_usart                                   build/alliecat_meowmeowears/usart_sam_ba.o
buffer_tx_usart                                   build/alliecat_meowmeowears/usart_sam_ba.o
call_applet                                       build/alliecat_meowmeowears/sam_ba_monitor.o
cdc_is_rx_ready                                   build/alliecat_meowmeowears/cdc_enumerate.o
cdc_read_buf                                      build/alliecat_meowmeowears/cdc_enumerate.o
                                                  build/alliecat_meowmeowears/sam_ba_monitor.o
cdc_read_buf_xmd                                  build/alliecat_meowmeowears/cdc_enumerate.o
                                                  build/alliecat_meowmeowears/sam_ba_monitor.o
cdc_write_buf                                     build/alliecat_meowmeowears/cdc_enumerate.o
                                                  build/alliecat_meowmeowears/sam_ba_monitor.o
cdc_write_buf_xmd                                 build/alliecat_meowmeowears/cdc_enumerate.o
                                                  build/alliecat_meowmeowears/sam_ba_monitor.o
cfgDescriptor                                     build/alliecat_meowmeowears/cdc_enumerate.o
command                                           build/alliecat_meowmeowears/sam_ba_monitor.o
copy_words                                        build/alliecat_meowmeowears/flash_samd21.o
                                                  build/alliecat_meowmeowears/hid.o
ctrlOutCache                                      build/alliecat_meowmeowears/cdc_enumerate.o
current_number                                    build/alliecat_meowmeowears/sam_ba_monitor.o
data                                              build/alliecat_meowmeowears/sam_ba_monitor.o
delay                                             build/alliecat_meowmeowears/utils.o
                                                  build/alliecat_meowmeowears/main.o
devDescriptor                                     build/alliecat_meowmeowears/cdc_enumerate.o
endpointCache                                     build/alliecat_meowmeowears/cdc_enumerate.o
error_timeout                                     build/alliecat_meowmeowears/usart_sam_ba.o
exception_table                                   build/alliecat_meowmeowears/startup_samd21.o
fileLogo                                          build/alliecat_meowmeowears/images.o
flash_erase_row                                   build/alliecat_meowmeowears/flash_samd21.o
flash_erase_to_end                                build/alliecat_meowmeowears/flash_samd21.o
                                                  build/alliecat_meowmeowears/sam_ba_monitor.o
flash_write                                       build/alliecat_meowmeowears/flash_samd21.o
flash_write_row                                   build/alliecat_meowmeowears/flash_samd21.o
                                                  build/alliecat_meowmeowears/hid.o
                                                  build/alliecat_meowmeowears/fat.o
flash_write_words                                 build/alliecat_meowmeowears/flash_samd21.o
                                                  build/alliecat_meowmeowears/sam_ba_monitor.o
font8                                             build/alliecat_meowmeowears/images.o
g_interrupt_enabled                               build/alliecat_meowmeowears/init_samd21.o
getPacket                                         build/alliecat_meowmeowears/usart_sam_ba.o
handoverPrep                                      build/alliecat_meowmeowears/msc.o
                                                  build/alliecat_meowmeowears/hid.o
hidCfgDescriptor                                  build/alliecat_meowmeowears/cdc_enumerate.o
hidDescriptor                                     build/alliecat_meowmeowears/cdc_enumerate.o
hidHandoverLoop                                   build/alliecat_meowmeowears/hid.o
                                                  build/alliecat_meowmeowears/msc.o
i                                                 build/alliecat_meowmeowears/sam_ba_monitor.o
idx_rx_read                                       build/alliecat_meowmeowears/usart_sam_ba.o
idx_rx_write                                      build/alliecat_meowmeowears/usart_sam_ba.o
idx_tx_read                                       build/alliecat_meowmeowears/usart_sam_ba.o
idx_tx_write                                      build/alliecat_meowmeowears/usart_sam_ba.o
indexFile                                         build/alliecat_meowmeowears/fat.o
infoUf2File                                       build/alliecat_meowmeowears/fat.o
                                                  build/alliecat_meowmeowears/hid.o
                                                  build/alliecat_meowmeowears/msc.o
j                                                 build/alliecat_meowmeowears/sam_ba_monitor.o
led_init                                          build/alliecat_meowmeowears/utils.o
                                                  build/alliecat_meowmeowears/main.o
led_signal                                        build/alliecat_meowmeowears/utils.o
                                                  build/alliecat_meowmeowears/sam_ba_monitor.o
                                                  build/alliecat_meowmeowears/msc.o
led_tick                                          build/alliecat_meowmeowears/utils.o
                                                  build/alliecat_meowmeowears/init_samd21.o
led_tick_step                                     build/alliecat_meowmeowears/utils.o
                                                  build/alliecat_meowmeowears/main.o
length                                            build/alliecat_meowmeowears/sam_ba_monitor.o
main                                              build/alliecat_meowmeowears/main.o
                                                  build/alliecat_meowmeowears/startup_samd21.o
memcpy                                            /usr/lib/gcc/arm-none-eabi/7.3.1/../../../arm-none-eabi/lib/thumb/v6-m/libg_nano.a(lib_a-memcpy-stub.o)
                                                  build/alliecat_meowmeowears/hid.o
                                                  build/alliecat_meowmeowears/sam_ba_monitor.o
                                                  build/alliecat_meowmeowears/msc.o
                                                  build/alliecat_meowmeowears/fat.o
                                                  build/alliecat_meowmeowears/cdc_enumerate.o
memset                                            /usr/lib/gcc/arm-none-eabi/7.3.1/../../../arm-none-eabi/lib/thumb/v6-m/libg_nano.a(lib_a-memset.o)
                                                  build/alliecat_meowmeowears/hid.o
                                                  build/alliecat_meowmeowears/msc.o
                                                  build/alliecat_meowmeowears/fat.o
                                                  build/alliecat_meowmeowears/cdc_enumerate.o
mode_of_transfer                                  build/alliecat_meowmeowears/usart_sam_ba.o
mscReset                                          build/alliecat_meowmeowears/msc.o
msc_reset                                         build/alliecat_meowmeowears/msc.o
padded_memcpy                                     build/alliecat_meowmeowears/fat.o
                                                  build/alliecat_meowmeowears/msc.o
panic                                             build/alliecat_meowmeowears/utils.o
pendriveLogo                                      build/alliecat_meowmeowears/images.o
process_core                                      build/alliecat_meowmeowears/hid.o
process_hid                                       build/alliecat_meowmeowears/hid.o
                                                  build/alliecat_meowmeowears/msc.o
process_msc                                       build/alliecat_meowmeowears/msc.o
                                                  build/alliecat_meowmeowears/sam_ba_monitor.o
ptr                                               build/alliecat_meowmeowears/sam_ba_monitor.o
ptr_data                                          build/alliecat_meowmeowears/sam_ba_monitor.o
put_uint32                                        build/alliecat_meowmeowears/sam_ba_monitor.o
read_block                                        build/alliecat_meowmeowears/fat.o
                                                  build/alliecat_meowmeowears/msc.o
recv_hf2                                          build/alliecat_meowmeowears/hid.o
resetHorizon                                      build/alliecat_meowmeowears/utils.o
                                                  build/alliecat_meowmeowears/main.o
                                                  build/alliecat_meowmeowears/fat.o
resetIntoApp                                      build/alliecat_meowmeowears/utils.o
                                                  build/alliecat_meowmeowears/hid.o
                                                  build/alliecat_meowmeowears/msc.o
resetIntoBootloader                               build/alliecat_meowmeowears/utils.o
                                                  build/alliecat_meowmeowears/hid.o
                                                  build/alliecat_meowmeowears/msc.o
reset_ep                                          build/alliecat_meowmeowears/cdc_enumerate.o
                                                  build/alliecat_meowmeowears/msc.o
sam_ba_monitor_init                               build/alliecat_meowmeowears/sam_ba_monitor.o
sam_ba_monitor_run                                build/alliecat_meowmeowears/sam_ba_monitor.o
                                                  build/alliecat_meowmeowears/main.o
sam_ba_putdata_term                               build/alliecat_meowmeowears/sam_ba_monitor.o
send_hf2                                          build/alliecat_meowmeowears/hid.o
send_hf2_response                                 build/alliecat_meowmeowears/hid.o
size_of_data                                      build/alliecat_meowmeowears/usart_sam_ba.o
sp                                                build/alliecat_meowmeowears/sam_ba_monitor.o
stall_ep                                          build/alliecat_meowmeowears/cdc_enumerate.o
                                                  build/alliecat_meowmeowears/msc.o
strlen                                            /usr/lib/gcc/arm-none-eabi/7.3.1/../../../arm-none-eabi/lib/thumb/v6-m/libg_nano.a(lib_a-strlen-stub.o)
                                                  build/alliecat_meowmeowears/hid.o
                                                  build/alliecat_meowmeowears/fat.o
                                                  build/alliecat_meowmeowears/cdc_enumerate.o
system_init                                       build/alliecat_meowmeowears/init_samd21.o
                                                  build/alliecat_meowmeowears/main.o
timerHigh                                         build/alliecat_meowmeowears/utils.o
                                                  build/alliecat_meowmeowears/main.o
                                                  build/alliecat_meowmeowears/fat.o
timerTick                                         build/alliecat_meowmeowears/utils.o
                                                  build/alliecat_meowmeowears/cdc_enumerate.o
try_read_cbw                                      build/alliecat_meowmeowears/msc.o
u32tmp                                            build/alliecat_meowmeowears/sam_ba_monitor.o
uart_basic_init                                   build/alliecat_meowmeowears/uart_driver.o
                                                  build/alliecat_meowmeowears/usart_sam_ba.o
uart_disable                                      build/alliecat_meowmeowears/uart_driver.o
                                                  build/alliecat_meowmeowears/usart_sam_ba.o
uart_drv_error_flag                               build/alliecat_meowmeowears/uart_driver.o
uart_get_sercom_index                             build/alliecat_meowmeowears/uart_driver.o
                                                  build/alliecat_meowmeowears/usart_sam_ba.o
uart_read_buffer_polled                           build/alliecat_meowmeowears/uart_driver.o
uart_read_byte                                    build/alliecat_meowmeowears/uart_driver.o
                                                  build/alliecat_meowmeowears/usart_sam_ba.o
uart_write_buffer_polled                          build/alliecat_meowmeowears/uart_driver.o
uart_write_byte                                   build/alliecat_meowmeowears/uart_driver.o
                                                  build/alliecat_meowmeowears/usart_sam_ba.o
udd_ep_set_halt                                   build/alliecat_meowmeowears/msc.o
udi_msc_csw_send                                  build/alliecat_meowmeowears/msc.o
usart_close                                       build/alliecat_meowmeowears/usart_sam_ba.o
usart_getc                                        build/alliecat_meowmeowears/usart_sam_ba.o
usart_getdata                                     build/alliecat_meowmeowears/usart_sam_ba.o
usart_getdata_xmd                                 build/alliecat_meowmeowears/usart_sam_ba.o
usart_is_rx_ready                                 build/alliecat_meowmeowears/usart_sam_ba.o
usart_open                                        build/alliecat_meowmeowears/usart_sam_ba.o
usart_putc                                        build/alliecat_meowmeowears/usart_sam_ba.o
usart_putdata                                     build/alliecat_meowmeowears/usart_sam_ba.o
usart_putdata_xmd                                 build/alliecat_meowmeowears/usart_sam_ba.o
usart_readc                                       build/alliecat_meowmeowears/usart_sam_ba.o
usart_sharp_received                              build/alliecat_meowmeowears/usart_sam_ba.o
usb_endpoint_table                                build/alliecat_meowmeowears/cdc_enumerate.o
usb_init                                          build/alliecat_meowmeowears/cdc_enumerate.o
                                                  build/alliecat_meowmeowears/main.o
writeNum                                          build/alliecat_meowmeowears/utils.o
                                                  build/alliecat_meowmeowears/sam_ba_monitor.o
                                                  build/alliecat_meowmeowears/cdc_enumerate.o
write_block                                       build/alliecat_meowmeowears/fat.o
                                                  build/alliecat_meowmeowears/msc.o
